#
# There is insufficient memory for the Java Runtime Environment to continue.
# Native memory allocation (malloc) failed to allocate 32744 bytes for Chunk::new
# Possible reasons:
#   The system is out of physical RAM or swap space
#   The process is running with CompressedOops enabled, and the Java Heap may be blocking the growth of the native heap
# Possible solutions:
#   Reduce memory load on the system
#   Increase physical memory or swap space
#   Check if swap backing store is full
#   Decrease Java heap size (-Xmx/-Xms)
#   Decrease number of Java threads
#   Decrease Java thread stack sizes (-Xss)
#   Set larger code cache with -XX:ReservedCodeCacheSize=
#   JVM is running with Unscaled Compressed Oops mode in which the Java heap is
#     placed in the first 4GB address space. The Java Heap base address is the
#     maximum limit for the native heap growth. Please use -XX:HeapBaseMinAddress
#     to set the Java Heap base and to place the Java Heap above 4GB virtual address.
# This output file may be truncated or incomplete.
#
#  Out of Memory Error (arena.cpp:168), pid=25192, tid=4920
#
# JRE version: Java(TM) SE Runtime Environment (21.0.5+9) (build 21.0.5+9-LTS-239)
# Java VM: Java HotSpot(TM) 64-Bit Server VM (21.0.5+9-LTS-239, mixed mode, sharing, tiered, compressed oops, compressed class ptrs, g1 gc, windows-amd64)
# No core dump will be written. Minidumps are not enabled by default on client versions of Windows
#

---------------  S U M M A R Y ------------

Command Line: --add-opens=java.base/java.lang=ALL-UNNAMED --add-opens=java.base/java.lang.invoke=ALL-UNNAMED --add-opens=java.base/java.util=ALL-UNNAMED --add-opens=java.prefs/java.util.prefs=ALL-UNNAMED --add-exports=jdk.compiler/com.sun.tools.javac.api=ALL-UNNAMED --add-exports=jdk.compiler/com.sun.tools.javac.util=ALL-UNNAMED --add-opens=java.base/java.util=ALL-UNNAMED --add-opens=java.prefs/java.util.prefs=ALL-UNNAMED --add-opens=java.base/java.nio.charset=ALL-UNNAMED --add-opens=java.base/java.net=ALL-UNNAMED --add-opens=java.base/java.util.concurrent.atomic=ALL-UNNAMED --add-opens=java.xml/javax.xml.namespace=ALL-UNNAMED -XX:MaxMetaspaceSize=384m -XX:+HeapDumpOnOutOfMemoryError -Xms256m -Xmx512m -Dfile.encoding=UTF-8 -Duser.country=US -Duser.language=en -Duser.variant -javaagent:C:\Users\user\.gradle\wrapper\dists\gradle-8.14.2-bin\2pb3mgt1p815evrl3weanttgr\gradle-8.14.2\lib\agents\gradle-instrumentation-agent-8.14.2.jar org.gradle.launcher.daemon.bootstrap.GradleDaemon 8.14.2

Host: 13th Gen Intel(R) Core(TM) i5-13420H, 12 cores, 15G,  Windows 11 , 64 bit Build 26100 (10.0.26100.7309)
Time: Sun Dec 14 16:46:02 2025 Azerbaijan Standard Time elapsed time: 19.262799 seconds (0d 0h 0m 19s)

---------------  T H R E A D  ---------------

Current thread (0x000001d8dd7167c0):  JavaThread "C1 CompilerThread0" daemon [_thread_in_native, id=4920, stack(0x0000000a11800000,0x0000000a11900000) (1024K)]


Current CompileTask:
C1:  19262 3788       3       org.codehaus.groovy.reflection.CachedMethod::compareToCachedMethod (160 bytes)

Stack: [0x0000000a11800000,0x0000000a11900000]
Native frames: (J=compiled Java code, j=interpreted, Vv=VM code, C=native code)
V  [jvm.dll+0x6ca289]
V  [jvm.dll+0x854a51]
V  [jvm.dll+0x856f7e]
V  [jvm.dll+0x857653]
V  [jvm.dll+0x27dd26]
V  [jvm.dll+0xc4c2d]
V  [jvm.dll+0xc5163]
V  [jvm.dll+0x192f8b]
V  [jvm.dll+0x133bff]
V  [jvm.dll+0x68d5bd]
V  [jvm.dll+0x133278]
V  [jvm.dll+0x17b8ae]
V  [jvm.dll+0x1802ad]
V  [jvm.dll+0x17c59e]
V  [jvm.dll+0x16a760]
V  [jvm.dll+0x153587]
V  [jvm.dll+0x152e58]
V  [jvm.dll+0x1530a4]
V  [jvm.dll+0x1524d6]
V  [jvm.dll+0x1542ad]
V  [jvm.dll+0x2554d9]
V  [jvm.dll+0x253a6a]
V  [jvm.dll+0x3ee136]
V  [jvm.dll+0x7fee9b]
V  [jvm.dll+0x6c896d]
C  [ucrtbase.dll+0x37b0]
C  [KERNEL32.DLL+0x2e8d7]
C  [ntdll.dll+0x8c53c]


---------------  P R O C E S S  ---------------

Threads class SMR info:
_java_thread_list=0x000001d8f7ff5c50, length=33, elements={
0x000001d8c0395030, 0x000001d8dd6f68a0, 0x000001d8dd6f7f60, 0x000001d8dd6fdb50,
0x000001d8dd6ff5b0, 0x000001d8dd700360, 0x000001d8dd701920, 0x000001d8dd7026a0,
0x000001d8dd7167c0, 0x000001d8dd875830, 0x000001d8dda0f9c0, 0x000001d8f80bd320,
0x000001d8f8124b50, 0x000001d8dd8bf870, 0x000001d8ddae6290, 0x000001d8dda03d40,
0x000001d8f82ca280, 0x000001d8dd86d290, 0x000001d8f85be6f0, 0x000001d8f85c14e0,
0x000001d8f85c0e50, 0x000001d8f85c0130, 0x000001d8f85be060, 0x000001d8f85bfaa0,
0x000001d8f85bed80, 0x000001d8f85c07c0, 0x000001d8f85bf410, 0x000001d8f8efe260,
0x000001d8f8efe8f0, 0x000001d8ddaeb790, 0x000001d8f8eff610, 0x000001d8f8efd540,
0x000001d8ddaebe60
}

Java Threads: ( => current thread )
  0x000001d8c0395030 JavaThread "main"                              [_thread_blocked, id=23068, stack(0x0000000a10900000,0x0000000a10a00000) (1024K)]
  0x000001d8dd6f68a0 JavaThread "Reference Handler"          daemon [_thread_blocked, id=25884, stack(0x0000000a11100000,0x0000000a11200000) (1024K)]
  0x000001d8dd6f7f60 JavaThread "Finalizer"                  daemon [_thread_blocked, id=38624, stack(0x0000000a11200000,0x0000000a11300000) (1024K)]
  0x000001d8dd6fdb50 JavaThread "Signal Dispatcher"          daemon [_thread_blocked, id=34372, stack(0x0000000a11300000,0x0000000a11400000) (1024K)]
  0x000001d8dd6ff5b0 JavaThread "Attach Listener"            daemon [_thread_blocked, id=32048, stack(0x0000000a11400000,0x0000000a11500000) (1024K)]
  0x000001d8dd700360 JavaThread "Service Thread"             daemon [_thread_blocked, id=35568, stack(0x0000000a11500000,0x0000000a11600000) (1024K)]
  0x000001d8dd701920 JavaThread "Monitor Deflation Thread"   daemon [_thread_blocked, id=36764, stack(0x0000000a11600000,0x0000000a11700000) (1024K)]
  0x000001d8dd7026a0 JavaThread "C2 CompilerThread0"         daemon [_thread_in_native, id=34368, stack(0x0000000a11700000,0x0000000a11800000) (1024K)]
=>0x000001d8dd7167c0 JavaThread "C1 CompilerThread0"         daemon [_thread_in_native, id=4920, stack(0x0000000a11800000,0x0000000a11900000) (1024K)]
  0x000001d8dd875830 JavaThread "Common-Cleaner"             daemon [_thread_blocked, id=28080, stack(0x0000000a11900000,0x0000000a11a00000) (1024K)]
  0x000001d8dda0f9c0 JavaThread "Notification Thread"        daemon [_thread_blocked, id=31480, stack(0x0000000a11a00000,0x0000000a11b00000) (1024K)]
  0x000001d8f80bd320 JavaThread "Daemon health stats"               [_thread_blocked, id=39172, stack(0x0000000a11c00000,0x0000000a11d00000) (1024K)]
  0x000001d8f8124b50 JavaThread "Incoming local TCP Connector on port 63150"        [_thread_in_native, id=28204, stack(0x0000000a11b00000,0x0000000a11c00000) (1024K)]
  0x000001d8dd8bf870 JavaThread "Daemon periodic checks"            [_thread_blocked, id=3416, stack(0x0000000a12200000,0x0000000a12300000) (1024K)]
  0x000001d8ddae6290 JavaThread "Daemon"                            [_thread_blocked, id=18068, stack(0x0000000a12300000,0x0000000a12400000) (1024K)]
  0x000001d8dda03d40 JavaThread "Handler for socket connection from /127.0.0.1:63150 to /127.0.0.1:63152"        [_thread_in_native, id=38184, stack(0x0000000a12400000,0x0000000a12500000) (1024K)]
  0x000001d8f82ca280 JavaThread "Cancel handler"                    [_thread_blocked, id=23456, stack(0x0000000a12500000,0x0000000a12600000) (1024K)]
  0x000001d8dd86d290 JavaThread "Daemon worker"                     [_thread_in_vm, id=17724, stack(0x0000000a12600000,0x0000000a12700000) (1024K)]
  0x000001d8f85be6f0 JavaThread "Asynchronous log dispatcher for DefaultDaemonConnection: socket connection from /127.0.0.1:63150 to /127.0.0.1:63152"        [_thread_blocked, id=18140, stack(0x0000000a12700000,0x0000000a12800000) (1024K)]
  0x000001d8f85c14e0 JavaThread "Stdin handler"                     [_thread_blocked, id=34216, stack(0x0000000a12800000,0x0000000a12900000) (1024K)]
  0x000001d8f85c0e50 JavaThread "Daemon client event forwarder"        [_thread_blocked, id=17684, stack(0x0000000a12900000,0x0000000a12a00000) (1024K)]
  0x000001d8f85c0130 JavaThread "Cache worker for journal cache (C:\Users\user\.gradle\caches\journal-1)"        [_thread_blocked, id=28812, stack(0x0000000a12a00000,0x0000000a12b00000) (1024K)]
  0x000001d8f85be060 JavaThread "File lock request listener"        [_thread_in_native, id=23676, stack(0x0000000a12b00000,0x0000000a12c00000) (1024K)]
  0x000001d8f85bfaa0 JavaThread "Cache worker for file hash cache (C:\Users\user\.gradle\caches\8.14.2\fileHashes)"        [_thread_blocked, id=5912, stack(0x0000000a12c00000,0x0000000a12d00000) (1024K)]
  0x000001d8f85bed80 JavaThread "File lock release action executor"        [_thread_blocked, id=22284, stack(0x0000000a12f00000,0x0000000a13000000) (1024K)]
  0x000001d8f85c07c0 JavaThread "Cache worker for file hash cache (C:\Users\user\Documents\GitHub\kamaliki-project-ms-security\ms-security\.gradle\8.14.2\fileHashes)"        [_thread_blocked, id=18996, stack(0x0000000a13600000,0x0000000a13700000) (1024K)]
  0x000001d8f85bf410 JavaThread "Cache worker for Build Output Cleanup Cache (C:\Users\user\Documents\GitHub\kamaliki-project-ms-security\ms-security\.gradle\buildOutputCleanup)"        [_thread_blocked, id=30160, stack(0x0000000a13700000,0x0000000a13800000) (1024K)]
  0x000001d8f8efe260 JavaThread "File watcher server"        daemon [_thread_in_native, id=39504, stack(0x0000000a12e00000,0x0000000a12f00000) (1024K)]
  0x000001d8f8efe8f0 JavaThread "File watcher consumer"      daemon [_thread_blocked, id=18256, stack(0x0000000a13800000,0x0000000a13900000) (1024K)]
  0x000001d8ddaeb790 JavaThread "C2 CompilerThread1"         daemon [_thread_in_native, id=7000, stack(0x0000000a12d00000,0x0000000a12e00000) (1024K)]
  0x000001d8f8eff610 JavaThread "jar transforms"                    [_thread_blocked, id=10892, stack(0x0000000a13900000,0x0000000a13a00000) (1024K)]
  0x000001d8f8efd540 JavaThread "jar transforms Thread 2"           [_thread_blocked, id=11152, stack(0x0000000a13a00000,0x0000000a13b00000) (1024K)]
  0x000001d8ddaebe60 JavaThread "C2 CompilerThread2"         daemon [_thread_in_vm, id=35824, stack(0x0000000a13b00000,0x0000000a13c00000) (1024K)]
Total: 33

Other Threads:
  0x000001d8dd6de240 VMThread "VM Thread"                           [id=2184, stack(0x0000000a11000000,0x0000000a11100000) (1024K)]
  0x000001d8dd6d0110 WatcherThread "VM Periodic Task Thread"        [id=29028, stack(0x0000000a10f00000,0x0000000a11000000) (1024K)]
  0x000001d8c26e4af0 WorkerThread "GC Thread#0"                     [id=30800, stack(0x0000000a10a00000,0x0000000a10b00000) (1024K)]
  0x000001d8dd6ddea0 WorkerThread "GC Thread#1"                     [id=13856, stack(0x0000000a11d00000,0x0000000a11e00000) (1024K)]
  0x000001d8dd6de5e0 WorkerThread "GC Thread#2"                     [id=30944, stack(0x0000000a11e00000,0x0000000a11f00000) (1024K)]
  0x000001d8dd6de980 WorkerThread "GC Thread#3"                     [id=13900, stack(0x0000000a11f00000,0x0000000a12000000) (1024K)]
  0x000001d8dd6ded20 WorkerThread "GC Thread#4"                     [id=35672, stack(0x0000000a12000000,0x0000000a12100000) (1024K)]
  0x000001d8dd6dd3c0 WorkerThread "GC Thread#5"                     [id=29776, stack(0x0000000a12100000,0x0000000a12200000) (1024K)]
  0x000001d8f8c3d6d0 WorkerThread "GC Thread#6"                     [id=32308, stack(0x0000000a13000000,0x0000000a13100000) (1024K)]
  0x000001d8f8c3c110 WorkerThread "GC Thread#7"                     [id=39076, stack(0x0000000a13100000,0x0000000a13200000) (1024K)]
  0x000001d8f8c3e550 WorkerThread "GC Thread#8"                     [id=32920, stack(0x0000000a13200000,0x0000000a13300000) (1024K)]
  0x000001d8f8c3cbf0 WorkerThread "GC Thread#9"                     [id=38552, stack(0x0000000a13300000,0x0000000a13400000) (1024K)]
  0x000001d8c26e99e0 ConcurrentGCThread "G1 Main Marker"            [id=23180, stack(0x0000000a10b00000,0x0000000a10c00000) (1024K)]
  0x000001d8c26eb270 WorkerThread "G1 Conc#0"                       [id=6152, stack(0x0000000a10c00000,0x0000000a10d00000) (1024K)]
  0x000001d8f8c3ab50 WorkerThread "G1 Conc#1"                       [id=35248, stack(0x0000000a13400000,0x0000000a13500000) (1024K)]
  0x000001d8f8c3da70 WorkerThread "G1 Conc#2"                       [id=36428, stack(0x0000000a13500000,0x0000000a13600000) (1024K)]
  0x000001d8dd61fb10 ConcurrentGCThread "G1 Refine#0"               [id=3436, stack(0x0000000a10d00000,0x0000000a10e00000) (1024K)]
  0x000001d8dd621440 ConcurrentGCThread "G1 Service"                [id=37948, stack(0x0000000a10e00000,0x0000000a10f00000) (1024K)]
Total: 18

Threads with active compile tasks:
C2 CompilerThread0    19286 3578   !   4       java.lang.ClassLoader::loadClass (121 bytes)
C1 CompilerThread0    19286 3788       3       org.codehaus.groovy.reflection.CachedMethod::compareToCachedMethod (160 bytes)
C2 CompilerThread1    19286 3581   !   4       java.net.URLClassLoader::findClass (47 bytes)
C2 CompilerThread2    19286 3632  s!   4       jdk.internal.loader.URLClassPath::getLoader (194 bytes)
Total: 4

VM state: not at safepoint (normal execution)

VM Mutex/Monitor currently owned by a thread:  ([mutex/lock_event])
[0x00007ffb31129e18] Metaspace_lock - owner thread: 0x000001d8dd86d290

Heap address: 0x00000000e0000000, size: 512 MB, Compressed Oops mode: 32-bit

CDS archive(s) mapped at: [0x000001d8de000000-0x000001d8dec90000-0x000001d8dec90000), size 13172736, SharedBaseAddress: 0x000001d8de000000, ArchiveRelocationMode: 1.
Compressed class space mapped at: 0x000001d8df000000-0x000001d8f3000000, reserved size: 335544320
Narrow klass base: 0x000001d8de000000, Narrow klass shift: 0, Narrow klass range: 0x100000000

GC Precious Log:
 CardTable entry size: 512
 Card Set container configuration: InlinePtr #cards 5 size 8 Array Of Cards #cards 12 size 40 Howl #buckets 4 coarsen threshold 1843 Howl Bitmap #cards 512 size 80 coarsen threshold 460 Card regions per heap region 1 cards per card region 2048
 CPUs: 12 total, 12 available
 Memory: 16087M
 Large Page Support: Disabled
 NUMA Support: Disabled
 Compressed Oops: Enabled (32-bit)
 Heap Region Size: 1M
 Heap Min Capacity: 256M
 Heap Initial Capacity: 256M
 Heap Max Capacity: 512M
 Pre-touch: Disabled
 Parallel Workers: 10
 Concurrent Workers: 3
 Concurrent Refinement Workers: 10
 Periodic GC: Disabled

Heap:
 garbage-first heap   total 262144K, used 86492K [0x00000000e0000000, 0x0000000100000000)
  region size 1024K, 75 young (76800K), 12 survivors (12288K)
 Metaspace       used 30960K, committed 31872K, reserved 393216K
  class space    used 4404K, committed 4864K, reserved 327680K

Heap Regions: E=young(eden), S=young(survivor), O=old, HS=humongous(starts), HC=humongous(continues), CS=collection set, F=free, TAMS=top-at-mark-start, PB=parsable bottom
|   0|0x00000000e0000000, 0x00000000e0100000, 0x00000000e0100000|100%|HS|  |TAMS 0x00000000e0000000| PB 0x00000000e0000000| Complete 
|   1|0x00000000e0100000, 0x00000000e0200000, 0x00000000e0200000|100%|HC|  |TAMS 0x00000000e0100000| PB 0x00000000e0100000| Complete 
|   2|0x00000000e0200000, 0x00000000e0300000, 0x00000000e0300000|100%|HC|  |TAMS 0x00000000e0200000| PB 0x00000000e0200000| Complete 
|   3|0x00000000e0300000, 0x00000000e0400000, 0x00000000e0400000|100%| O|  |TAMS 0x00000000e0300000| PB 0x00000000e0300000| Untracked 
|   4|0x00000000e0400000, 0x00000000e0500000, 0x00000000e0500000|100%| O|  |TAMS 0x00000000e0400000| PB 0x00000000e0400000| Untracked 
|   5|0x00000000e0500000, 0x00000000e0600000, 0x00000000e0600000|100%| O|  |TAMS 0x00000000e0500000| PB 0x00000000e0500000| Untracked 
|   6|0x00000000e0600000, 0x00000000e0700000, 0x00000000e0700000|100%|HS|  |TAMS 0x00000000e0600000| PB 0x00000000e0600000| Complete 
|   7|0x00000000e0700000, 0x00000000e0700000, 0x00000000e0800000|  0%| F|  |TAMS 0x00000000e0700000| PB 0x00000000e0700000| Untracked 
|   8|0x00000000e0800000, 0x00000000e0900000, 0x00000000e0900000|100%| O|  |TAMS 0x00000000e0800000| PB 0x00000000e0800000| Untracked 
|   9|0x00000000e0900000, 0x00000000e0a00000, 0x00000000e0a00000|100%| O|  |TAMS 0x00000000e0900000| PB 0x00000000e0900000| Untracked 
|  10|0x00000000e0a00000, 0x00000000e0b00000, 0x00000000e0b00000|100%| O|  |TAMS 0x00000000e0a00000| PB 0x00000000e0a00000| Untracked 
|  11|0x00000000e0b00000, 0x00000000e0c00000, 0x00000000e0c00000|100%| O|  |TAMS 0x00000000e0b00000| PB 0x00000000e0b00000| Untracked 
|  12|0x00000000e0c00000, 0x00000000e0c83110, 0x00000000e0d00000| 51%| O|  |TAMS 0x00000000e0c00000| PB 0x00000000e0c00000| Untracked 
|  13|0x00000000e0d00000, 0x00000000e0d00000, 0x00000000e0e00000|  0%| F|  |TAMS 0x00000000e0d00000| PB 0x00000000e0d00000| Untracked 
|  14|0x00000000e0e00000, 0x00000000e0e00000, 0x00000000e0f00000|  0%| F|  |TAMS 0x00000000e0e00000| PB 0x00000000e0e00000| Untracked 
|  15|0x00000000e0f00000, 0x00000000e0f00000, 0x00000000e1000000|  0%| F|  |TAMS 0x00000000e0f00000| PB 0x00000000e0f00000| Untracked 
|  16|0x00000000e1000000, 0x00000000e1000000, 0x00000000e1100000|  0%| F|  |TAMS 0x00000000e1000000| PB 0x00000000e1000000| Untracked 
|  17|0x00000000e1100000, 0x00000000e1100000, 0x00000000e1200000|  0%| F|  |TAMS 0x00000000e1100000| PB 0x00000000e1100000| Untracked 
|  18|0x00000000e1200000, 0x00000000e1200000, 0x00000000e1300000|  0%| F|  |TAMS 0x00000000e1200000| PB 0x00000000e1200000| Untracked 
|  19|0x00000000e1300000, 0x00000000e1300000, 0x00000000e1400000|  0%| F|  |TAMS 0x00000000e1300000| PB 0x00000000e1300000| Untracked 
|  20|0x00000000e1400000, 0x00000000e1400000, 0x00000000e1500000|  0%| F|  |TAMS 0x00000000e1400000| PB 0x00000000e1400000| Untracked 
|  21|0x00000000e1500000, 0x00000000e1500000, 0x00000000e1600000|  0%| F|  |TAMS 0x00000000e1500000| PB 0x00000000e1500000| Untracked 
|  22|0x00000000e1600000, 0x00000000e1600000, 0x00000000e1700000|  0%| F|  |TAMS 0x00000000e1600000| PB 0x00000000e1600000| Untracked 
|  23|0x00000000e1700000, 0x00000000e1700000, 0x00000000e1800000|  0%| F|  |TAMS 0x00000000e1700000| PB 0x00000000e1700000| Untracked 
|  24|0x00000000e1800000, 0x00000000e1800000, 0x00000000e1900000|  0%| F|  |TAMS 0x00000000e1800000| PB 0x00000000e1800000| Untracked 
|  25|0x00000000e1900000, 0x00000000e1900000, 0x00000000e1a00000|  0%| F|  |TAMS 0x00000000e1900000| PB 0x00000000e1900000| Untracked 
|  26|0x00000000e1a00000, 0x00000000e1a00000, 0x00000000e1b00000|  0%| F|  |TAMS 0x00000000e1a00000| PB 0x00000000e1a00000| Untracked 
|  27|0x00000000e1b00000, 0x00000000e1b00000, 0x00000000e1c00000|  0%| F|  |TAMS 0x00000000e1b00000| PB 0x00000000e1b00000| Untracked 
|  28|0x00000000e1c00000, 0x00000000e1c00000, 0x00000000e1d00000|  0%| F|  |TAMS 0x00000000e1c00000| PB 0x00000000e1c00000| Untracked 
|  29|0x00000000e1d00000, 0x00000000e1d00000, 0x00000000e1e00000|  0%| F|  |TAMS 0x00000000e1d00000| PB 0x00000000e1d00000| Untracked 
|  30|0x00000000e1e00000, 0x00000000e1e00000, 0x00000000e1f00000|  0%| F|  |TAMS 0x00000000e1e00000| PB 0x00000000e1e00000| Untracked 
|  31|0x00000000e1f00000, 0x00000000e1f00000, 0x00000000e2000000|  0%| F|  |TAMS 0x00000000e1f00000| PB 0x00000000e1f00000| Untracked 
|  32|0x00000000e2000000, 0x00000000e2000000, 0x00000000e2100000|  0%| F|  |TAMS 0x00000000e2000000| PB 0x00000000e2000000| Untracked 
|  33|0x00000000e2100000, 0x00000000e2100000, 0x00000000e2200000|  0%| F|  |TAMS 0x00000000e2100000| PB 0x00000000e2100000| Untracked 
|  34|0x00000000e2200000, 0x00000000e2200000, 0x00000000e2300000|  0%| F|  |TAMS 0x00000000e2200000| PB 0x00000000e2200000| Untracked 
|  35|0x00000000e2300000, 0x00000000e2300000, 0x00000000e2400000|  0%| F|  |TAMS 0x00000000e2300000| PB 0x00000000e2300000| Untracked 
|  36|0x00000000e2400000, 0x00000000e2400000, 0x00000000e2500000|  0%| F|  |TAMS 0x00000000e2400000| PB 0x00000000e2400000| Untracked 
|  37|0x00000000e2500000, 0x00000000e2500000, 0x00000000e2600000|  0%| F|  |TAMS 0x00000000e2500000| PB 0x00000000e2500000| Untracked 
|  38|0x00000000e2600000, 0x00000000e2600000, 0x00000000e2700000|  0%| F|  |TAMS 0x00000000e2600000| PB 0x00000000e2600000| Untracked 
|  39|0x00000000e2700000, 0x00000000e2700000, 0x00000000e2800000|  0%| F|  |TAMS 0x00000000e2700000| PB 0x00000000e2700000| Untracked 
|  40|0x00000000e2800000, 0x00000000e2800000, 0x00000000e2900000|  0%| F|  |TAMS 0x00000000e2800000| PB 0x00000000e2800000| Untracked 
|  41|0x00000000e2900000, 0x00000000e2900000, 0x00000000e2a00000|  0%| F|  |TAMS 0x00000000e2900000| PB 0x00000000e2900000| Untracked 
|  42|0x00000000e2a00000, 0x00000000e2a00000, 0x00000000e2b00000|  0%| F|  |TAMS 0x00000000e2a00000| PB 0x00000000e2a00000| Untracked 
|  43|0x00000000e2b00000, 0x00000000e2b00000, 0x00000000e2c00000|  0%| F|  |TAMS 0x00000000e2b00000| PB 0x00000000e2b00000| Untracked 
|  44|0x00000000e2c00000, 0x00000000e2c00000, 0x00000000e2d00000|  0%| F|  |TAMS 0x00000000e2c00000| PB 0x00000000e2c00000| Untracked 
|  45|0x00000000e2d00000, 0x00000000e2d00000, 0x00000000e2e00000|  0%| F|  |TAMS 0x00000000e2d00000| PB 0x00000000e2d00000| Untracked 
|  46|0x00000000e2e00000, 0x00000000e2e00000, 0x00000000e2f00000|  0%| F|  |TAMS 0x00000000e2e00000| PB 0x00000000e2e00000| Untracked 
|  47|0x00000000e2f00000, 0x00000000e2f00000, 0x00000000e3000000|  0%| F|  |TAMS 0x00000000e2f00000| PB 0x00000000e2f00000| Untracked 
|  48|0x00000000e3000000, 0x00000000e3000000, 0x00000000e3100000|  0%| F|  |TAMS 0x00000000e3000000| PB 0x00000000e3000000| Untracked 
|  49|0x00000000e3100000, 0x00000000e3100000, 0x00000000e3200000|  0%| F|  |TAMS 0x00000000e3100000| PB 0x00000000e3100000| Untracked 
|  50|0x00000000e3200000, 0x00000000e3200000, 0x00000000e3300000|  0%| F|  |TAMS 0x00000000e3200000| PB 0x00000000e3200000| Untracked 
|  51|0x00000000e3300000, 0x00000000e3300000, 0x00000000e3400000|  0%| F|  |TAMS 0x00000000e3300000| PB 0x00000000e3300000| Untracked 
|  52|0x00000000e3400000, 0x00000000e3400000, 0x00000000e3500000|  0%| F|  |TAMS 0x00000000e3400000| PB 0x00000000e3400000| Untracked 
|  53|0x00000000e3500000, 0x00000000e3500000, 0x00000000e3600000|  0%| F|  |TAMS 0x00000000e3500000| PB 0x00000000e3500000| Untracked 
|  54|0x00000000e3600000, 0x00000000e3600000, 0x00000000e3700000|  0%| F|  |TAMS 0x00000000e3600000| PB 0x00000000e3600000| Untracked 
|  55|0x00000000e3700000, 0x00000000e3700000, 0x00000000e3800000|  0%| F|  |TAMS 0x00000000e3700000| PB 0x00000000e3700000| Untracked 
|  56|0x00000000e3800000, 0x00000000e3800000, 0x00000000e3900000|  0%| F|  |TAMS 0x00000000e3800000| PB 0x00000000e3800000| Untracked 
|  57|0x00000000e3900000, 0x00000000e3900000, 0x00000000e3a00000|  0%| F|  |TAMS 0x00000000e3900000| PB 0x00000000e3900000| Untracked 
|  58|0x00000000e3a00000, 0x00000000e3a00000, 0x00000000e3b00000|  0%| F|  |TAMS 0x00000000e3a00000| PB 0x00000000e3a00000| Untracked 
|  59|0x00000000e3b00000, 0x00000000e3b00000, 0x00000000e3c00000|  0%| F|  |TAMS 0x00000000e3b00000| PB 0x00000000e3b00000| Untracked 
|  60|0x00000000e3c00000, 0x00000000e3c00000, 0x00000000e3d00000|  0%| F|  |TAMS 0x00000000e3c00000| PB 0x00000000e3c00000| Untracked 
|  61|0x00000000e3d00000, 0x00000000e3d00000, 0x00000000e3e00000|  0%| F|  |TAMS 0x00000000e3d00000| PB 0x00000000e3d00000| Untracked 
|  62|0x00000000e3e00000, 0x00000000e3e00000, 0x00000000e3f00000|  0%| F|  |TAMS 0x00000000e3e00000| PB 0x00000000e3e00000| Untracked 
|  63|0x00000000e3f00000, 0x00000000e3f00000, 0x00000000e4000000|  0%| F|  |TAMS 0x00000000e3f00000| PB 0x00000000e3f00000| Untracked 
|  64|0x00000000e4000000, 0x00000000e4000000, 0x00000000e4100000|  0%| F|  |TAMS 0x00000000e4000000| PB 0x00000000e4000000| Untracked 
|  65|0x00000000e4100000, 0x00000000e4100000, 0x00000000e4200000|  0%| F|  |TAMS 0x00000000e4100000| PB 0x00000000e4100000| Untracked 
|  66|0x00000000e4200000, 0x00000000e4200000, 0x00000000e4300000|  0%| F|  |TAMS 0x00000000e4200000| PB 0x00000000e4200000| Untracked 
|  67|0x00000000e4300000, 0x00000000e4300000, 0x00000000e4400000|  0%| F|  |TAMS 0x00000000e4300000| PB 0x00000000e4300000| Untracked 
|  68|0x00000000e4400000, 0x00000000e4400000, 0x00000000e4500000|  0%| F|  |TAMS 0x00000000e4400000| PB 0x00000000e4400000| Untracked 
|  69|0x00000000e4500000, 0x00000000e4500000, 0x00000000e4600000|  0%| F|  |TAMS 0x00000000e4500000| PB 0x00000000e4500000| Untracked 
|  70|0x00000000e4600000, 0x00000000e4600000, 0x00000000e4700000|  0%| F|  |TAMS 0x00000000e4600000| PB 0x00000000e4600000| Untracked 
|  71|0x00000000e4700000, 0x00000000e4700000, 0x00000000e4800000|  0%| F|  |TAMS 0x00000000e4700000| PB 0x00000000e4700000| Untracked 
|  72|0x00000000e4800000, 0x00000000e4800000, 0x00000000e4900000|  0%| F|  |TAMS 0x00000000e4800000| PB 0x00000000e4800000| Untracked 
|  73|0x00000000e4900000, 0x00000000e4900000, 0x00000000e4a00000|  0%| F|  |TAMS 0x00000000e4900000| PB 0x00000000e4900000| Untracked 
|  74|0x00000000e4a00000, 0x00000000e4a00000, 0x00000000e4b00000|  0%| F|  |TAMS 0x00000000e4a00000| PB 0x00000000e4a00000| Untracked 
|  75|0x00000000e4b00000, 0x00000000e4b00000, 0x00000000e4c00000|  0%| F|  |TAMS 0x00000000e4b00000| PB 0x00000000e4b00000| Untracked 
|  76|0x00000000e4c00000, 0x00000000e4c00000, 0x00000000e4d00000|  0%| F|  |TAMS 0x00000000e4c00000| PB 0x00000000e4c00000| Untracked 
|  77|0x00000000e4d00000, 0x00000000e4d00000, 0x00000000e4e00000|  0%| F|  |TAMS 0x00000000e4d00000| PB 0x00000000e4d00000| Untracked 
|  78|0x00000000e4e00000, 0x00000000e4e00000, 0x00000000e4f00000|  0%| F|  |TAMS 0x00000000e4e00000| PB 0x00000000e4e00000| Untracked 
|  79|0x00000000e4f00000, 0x00000000e4f00000, 0x00000000e5000000|  0%| F|  |TAMS 0x00000000e4f00000| PB 0x00000000e4f00000| Untracked 
|  80|0x00000000e5000000, 0x00000000e5000000, 0x00000000e5100000|  0%| F|  |TAMS 0x00000000e5000000| PB 0x00000000e5000000| Untracked 
|  81|0x00000000e5100000, 0x00000000e5100000, 0x00000000e5200000|  0%| F|  |TAMS 0x00000000e5100000| PB 0x00000000e5100000| Untracked 
|  82|0x00000000e5200000, 0x00000000e5200000, 0x00000000e5300000|  0%| F|  |TAMS 0x00000000e5200000| PB 0x00000000e5200000| Untracked 
|  83|0x00000000e5300000, 0x00000000e5300000, 0x00000000e5400000|  0%| F|  |TAMS 0x00000000e5300000| PB 0x00000000e5300000| Untracked 
|  84|0x00000000e5400000, 0x00000000e5400000, 0x00000000e5500000|  0%| F|  |TAMS 0x00000000e5400000| PB 0x00000000e5400000| Untracked 
|  85|0x00000000e5500000, 0x00000000e5500000, 0x00000000e5600000|  0%| F|  |TAMS 0x00000000e5500000| PB 0x00000000e5500000| Untracked 
|  86|0x00000000e5600000, 0x00000000e5600000, 0x00000000e5700000|  0%| F|  |TAMS 0x00000000e5600000| PB 0x00000000e5600000| Untracked 
|  87|0x00000000e5700000, 0x00000000e5700000, 0x00000000e5800000|  0%| F|  |TAMS 0x00000000e5700000| PB 0x00000000e5700000| Untracked 
|  88|0x00000000e5800000, 0x00000000e5800000, 0x00000000e5900000|  0%| F|  |TAMS 0x00000000e5800000| PB 0x00000000e5800000| Untracked 
|  89|0x00000000e5900000, 0x00000000e5900000, 0x00000000e5a00000|  0%| F|  |TAMS 0x00000000e5900000| PB 0x00000000e5900000| Untracked 
|  90|0x00000000e5a00000, 0x00000000e5a00000, 0x00000000e5b00000|  0%| F|  |TAMS 0x00000000e5a00000| PB 0x00000000e5a00000| Untracked 
|  91|0x00000000e5b00000, 0x00000000e5b00000, 0x00000000e5c00000|  0%| F|  |TAMS 0x00000000e5b00000| PB 0x00000000e5b00000| Untracked 
|  92|0x00000000e5c00000, 0x00000000e5c00000, 0x00000000e5d00000|  0%| F|  |TAMS 0x00000000e5c00000| PB 0x00000000e5c00000| Untracked 
|  93|0x00000000e5d00000, 0x00000000e5d00000, 0x00000000e5e00000|  0%| F|  |TAMS 0x00000000e5d00000| PB 0x00000000e5d00000| Untracked 
|  94|0x00000000e5e00000, 0x00000000e5e00000, 0x00000000e5f00000|  0%| F|  |TAMS 0x00000000e5e00000| PB 0x00000000e5e00000| Untracked 
|  95|0x00000000e5f00000, 0x00000000e5f00000, 0x00000000e6000000|  0%| F|  |TAMS 0x00000000e5f00000| PB 0x00000000e5f00000| Untracked 
|  96|0x00000000e6000000, 0x00000000e6000000, 0x00000000e6100000|  0%| F|  |TAMS 0x00000000e6000000| PB 0x00000000e6000000| Untracked 
|  97|0x00000000e6100000, 0x00000000e6100000, 0x00000000e6200000|  0%| F|  |TAMS 0x00000000e6100000| PB 0x00000000e6100000| Untracked 
|  98|0x00000000e6200000, 0x00000000e6200000, 0x00000000e6300000|  0%| F|  |TAMS 0x00000000e6200000| PB 0x00000000e6200000| Untracked 
|  99|0x00000000e6300000, 0x00000000e6300000, 0x00000000e6400000|  0%| F|  |TAMS 0x00000000e6300000| PB 0x00000000e6300000| Untracked 
| 100|0x00000000e6400000, 0x00000000e6400000, 0x00000000e6500000|  0%| F|  |TAMS 0x00000000e6400000| PB 0x00000000e6400000| Untracked 
| 101|0x00000000e6500000, 0x00000000e6500000, 0x00000000e6600000|  0%| F|  |TAMS 0x00000000e6500000| PB 0x00000000e6500000| Untracked 
| 102|0x00000000e6600000, 0x00000000e6600000, 0x00000000e6700000|  0%| F|  |TAMS 0x00000000e6600000| PB 0x00000000e6600000| Untracked 
| 103|0x00000000e6700000, 0x00000000e6700000, 0x00000000e6800000|  0%| F|  |TAMS 0x00000000e6700000| PB 0x00000000e6700000| Untracked 
| 104|0x00000000e6800000, 0x00000000e6800000, 0x00000000e6900000|  0%| F|  |TAMS 0x00000000e6800000| PB 0x00000000e6800000| Untracked 
| 105|0x00000000e6900000, 0x00000000e6900000, 0x00000000e6a00000|  0%| F|  |TAMS 0x00000000e6900000| PB 0x00000000e6900000| Untracked 
| 106|0x00000000e6a00000, 0x00000000e6a00000, 0x00000000e6b00000|  0%| F|  |TAMS 0x00000000e6a00000| PB 0x00000000e6a00000| Untracked 
| 107|0x00000000e6b00000, 0x00000000e6b00000, 0x00000000e6c00000|  0%| F|  |TAMS 0x00000000e6b00000| PB 0x00000000e6b00000| Untracked 
| 108|0x00000000e6c00000, 0x00000000e6c00000, 0x00000000e6d00000|  0%| F|  |TAMS 0x00000000e6c00000| PB 0x00000000e6c00000| Untracked 
| 109|0x00000000e6d00000, 0x00000000e6d00000, 0x00000000e6e00000|  0%| F|  |TAMS 0x00000000e6d00000| PB 0x00000000e6d00000| Untracked 
| 110|0x00000000e6e00000, 0x00000000e6e00000, 0x00000000e6f00000|  0%| F|  |TAMS 0x00000000e6e00000| PB 0x00000000e6e00000| Untracked 
| 111|0x00000000e6f00000, 0x00000000e6f00000, 0x00000000e7000000|  0%| F|  |TAMS 0x00000000e6f00000| PB 0x00000000e6f00000| Untracked 
| 112|0x00000000e7000000, 0x00000000e7000000, 0x00000000e7100000|  0%| F|  |TAMS 0x00000000e7000000| PB 0x00000000e7000000| Untracked 
| 113|0x00000000e7100000, 0x00000000e7100000, 0x00000000e7200000|  0%| F|  |TAMS 0x00000000e7100000| PB 0x00000000e7100000| Untracked 
| 114|0x00000000e7200000, 0x00000000e7200000, 0x00000000e7300000|  0%| F|  |TAMS 0x00000000e7200000| PB 0x00000000e7200000| Untracked 
| 115|0x00000000e7300000, 0x00000000e7300000, 0x00000000e7400000|  0%| F|  |TAMS 0x00000000e7300000| PB 0x00000000e7300000| Untracked 
| 116|0x00000000e7400000, 0x00000000e7400000, 0x00000000e7500000|  0%| F|  |TAMS 0x00000000e7400000| PB 0x00000000e7400000| Untracked 
| 117|0x00000000e7500000, 0x00000000e7500000, 0x00000000e7600000|  0%| F|  |TAMS 0x00000000e7500000| PB 0x00000000e7500000| Untracked 
| 118|0x00000000e7600000, 0x00000000e7600000, 0x00000000e7700000|  0%| F|  |TAMS 0x00000000e7600000| PB 0x00000000e7600000| Untracked 
| 119|0x00000000e7700000, 0x00000000e7700000, 0x00000000e7800000|  0%| F|  |TAMS 0x00000000e7700000| PB 0x00000000e7700000| Untracked 
| 120|0x00000000e7800000, 0x00000000e7800000, 0x00000000e7900000|  0%| F|  |TAMS 0x00000000e7800000| PB 0x00000000e7800000| Untracked 
| 121|0x00000000e7900000, 0x00000000e7900000, 0x00000000e7a00000|  0%| F|  |TAMS 0x00000000e7900000| PB 0x00000000e7900000| Untracked 
| 122|0x00000000e7a00000, 0x00000000e7a00000, 0x00000000e7b00000|  0%| F|  |TAMS 0x00000000e7a00000| PB 0x00000000e7a00000| Untracked 
| 123|0x00000000e7b00000, 0x00000000e7b00000, 0x00000000e7c00000|  0%| F|  |TAMS 0x00000000e7b00000| PB 0x00000000e7b00000| Untracked 
| 124|0x00000000e7c00000, 0x00000000e7c00000, 0x00000000e7d00000|  0%| F|  |TAMS 0x00000000e7c00000| PB 0x00000000e7c00000| Untracked 
| 125|0x00000000e7d00000, 0x00000000e7d00000, 0x00000000e7e00000|  0%| F|  |TAMS 0x00000000e7d00000| PB 0x00000000e7d00000| Untracked 
| 126|0x00000000e7e00000, 0x00000000e7e00000, 0x00000000e7f00000|  0%| F|  |TAMS 0x00000000e7e00000| PB 0x00000000e7e00000| Untracked 
| 127|0x00000000e7f00000, 0x00000000e7f00000, 0x00000000e8000000|  0%| F|  |TAMS 0x00000000e7f00000| PB 0x00000000e7f00000| Untracked 
| 128|0x00000000e8000000, 0x00000000e8000000, 0x00000000e8100000|  0%| F|  |TAMS 0x00000000e8000000| PB 0x00000000e8000000| Untracked 
| 129|0x00000000e8100000, 0x00000000e8100000, 0x00000000e8200000|  0%| F|  |TAMS 0x00000000e8100000| PB 0x00000000e8100000| Untracked 
| 130|0x00000000e8200000, 0x00000000e8200000, 0x00000000e8300000|  0%| F|  |TAMS 0x00000000e8200000| PB 0x00000000e8200000| Untracked 
| 131|0x00000000e8300000, 0x00000000e8300000, 0x00000000e8400000|  0%| F|  |TAMS 0x00000000e8300000| PB 0x00000000e8300000| Untracked 
| 132|0x00000000e8400000, 0x00000000e8400000, 0x00000000e8500000|  0%| F|  |TAMS 0x00000000e8400000| PB 0x00000000e8400000| Untracked 
| 133|0x00000000e8500000, 0x00000000e8500000, 0x00000000e8600000|  0%| F|  |TAMS 0x00000000e8500000| PB 0x00000000e8500000| Untracked 
| 134|0x00000000e8600000, 0x00000000e8600000, 0x00000000e8700000|  0%| F|  |TAMS 0x00000000e8600000| PB 0x00000000e8600000| Untracked 
| 135|0x00000000e8700000, 0x00000000e8700000, 0x00000000e8800000|  0%| F|  |TAMS 0x00000000e8700000| PB 0x00000000e8700000| Untracked 
| 136|0x00000000e8800000, 0x00000000e8800000, 0x00000000e8900000|  0%| F|  |TAMS 0x00000000e8800000| PB 0x00000000e8800000| Untracked 
| 137|0x00000000e8900000, 0x00000000e8900000, 0x00000000e8a00000|  0%| F|  |TAMS 0x00000000e8900000| PB 0x00000000e8900000| Untracked 
| 138|0x00000000e8a00000, 0x00000000e8a00000, 0x00000000e8b00000|  0%| F|  |TAMS 0x00000000e8a00000| PB 0x00000000e8a00000| Untracked 
| 139|0x00000000e8b00000, 0x00000000e8b00000, 0x00000000e8c00000|  0%| F|  |TAMS 0x00000000e8b00000| PB 0x00000000e8b00000| Untracked 
| 140|0x00000000e8c00000, 0x00000000e8c00000, 0x00000000e8d00000|  0%| F|  |TAMS 0x00000000e8c00000| PB 0x00000000e8c00000| Untracked 
| 141|0x00000000e8d00000, 0x00000000e8d00000, 0x00000000e8e00000|  0%| F|  |TAMS 0x00000000e8d00000| PB 0x00000000e8d00000| Untracked 
| 142|0x00000000e8e00000, 0x00000000e8e00000, 0x00000000e8f00000|  0%| F|  |TAMS 0x00000000e8e00000| PB 0x00000000e8e00000| Untracked 
| 143|0x00000000e8f00000, 0x00000000e8f00000, 0x00000000e9000000|  0%| F|  |TAMS 0x00000000e8f00000| PB 0x00000000e8f00000| Untracked 
| 144|0x00000000e9000000, 0x00000000e9000000, 0x00000000e9100000|  0%| F|  |TAMS 0x00000000e9000000| PB 0x00000000e9000000| Untracked 
| 145|0x00000000e9100000, 0x00000000e9100000, 0x00000000e9200000|  0%| F|  |TAMS 0x00000000e9100000| PB 0x00000000e9100000| Untracked 
| 146|0x00000000e9200000, 0x00000000e9200000, 0x00000000e9300000|  0%| F|  |TAMS 0x00000000e9200000| PB 0x00000000e9200000| Untracked 
| 147|0x00000000e9300000, 0x00000000e9300000, 0x00000000e9400000|  0%| F|  |TAMS 0x00000000e9300000| PB 0x00000000e9300000| Untracked 
| 148|0x00000000e9400000, 0x00000000e9400000, 0x00000000e9500000|  0%| F|  |TAMS 0x00000000e9400000| PB 0x00000000e9400000| Untracked 
| 149|0x00000000e9500000, 0x00000000e9500000, 0x00000000e9600000|  0%| F|  |TAMS 0x00000000e9500000| PB 0x00000000e9500000| Untracked 
| 150|0x00000000e9600000, 0x00000000e96f4248, 0x00000000e9700000| 95%| S|CS|TAMS 0x00000000e9600000| PB 0x00000000e9600000| Complete 
| 151|0x00000000e9700000, 0x00000000e9800000, 0x00000000e9800000|100%| S|CS|TAMS 0x00000000e9700000| PB 0x00000000e9700000| Complete 
| 152|0x00000000e9800000, 0x00000000e9900000, 0x00000000e9900000|100%| S|CS|TAMS 0x00000000e9800000| PB 0x00000000e9800000| Complete 
| 153|0x00000000e9900000, 0x00000000e9a00000, 0x00000000e9a00000|100%| S|CS|TAMS 0x00000000e9900000| PB 0x00000000e9900000| Complete 
| 154|0x00000000e9a00000, 0x00000000e9b00000, 0x00000000e9b00000|100%| S|CS|TAMS 0x00000000e9a00000| PB 0x00000000e9a00000| Complete 
| 155|0x00000000e9b00000, 0x00000000e9c00000, 0x00000000e9c00000|100%| S|CS|TAMS 0x00000000e9b00000| PB 0x00000000e9b00000| Complete 
| 156|0x00000000e9c00000, 0x00000000e9d00000, 0x00000000e9d00000|100%| S|CS|TAMS 0x00000000e9c00000| PB 0x00000000e9c00000| Complete 
| 157|0x00000000e9d00000, 0x00000000e9e00000, 0x00000000e9e00000|100%| S|CS|TAMS 0x00000000e9d00000| PB 0x00000000e9d00000| Complete 
| 158|0x00000000e9e00000, 0x00000000e9f00000, 0x00000000e9f00000|100%| S|CS|TAMS 0x00000000e9e00000| PB 0x00000000e9e00000| Complete 
| 159|0x00000000e9f00000, 0x00000000ea000000, 0x00000000ea000000|100%| S|CS|TAMS 0x00000000e9f00000| PB 0x00000000e9f00000| Complete 
| 160|0x00000000ea000000, 0x00000000ea100000, 0x00000000ea100000|100%| S|CS|TAMS 0x00000000ea000000| PB 0x00000000ea000000| Complete 
| 161|0x00000000ea100000, 0x00000000ea200000, 0x00000000ea200000|100%| S|CS|TAMS 0x00000000ea100000| PB 0x00000000ea100000| Complete 
| 162|0x00000000ea200000, 0x00000000ea200000, 0x00000000ea300000|  0%| F|  |TAMS 0x00000000ea200000| PB 0x00000000ea200000| Untracked 
| 163|0x00000000ea300000, 0x00000000ea300000, 0x00000000ea400000|  0%| F|  |TAMS 0x00000000ea300000| PB 0x00000000ea300000| Untracked 
| 164|0x00000000ea400000, 0x00000000ea400000, 0x00000000ea500000|  0%| F|  |TAMS 0x00000000ea400000| PB 0x00000000ea400000| Untracked 
| 165|0x00000000ea500000, 0x00000000ea500000, 0x00000000ea600000|  0%| F|  |TAMS 0x00000000ea500000| PB 0x00000000ea500000| Untracked 
| 166|0x00000000ea600000, 0x00000000ea600000, 0x00000000ea700000|  0%| F|  |TAMS 0x00000000ea600000| PB 0x00000000ea600000| Untracked 
| 167|0x00000000ea700000, 0x00000000ea700000, 0x00000000ea800000|  0%| F|  |TAMS 0x00000000ea700000| PB 0x00000000ea700000| Untracked 
| 168|0x00000000ea800000, 0x00000000ea800000, 0x00000000ea900000|  0%| F|  |TAMS 0x00000000ea800000| PB 0x00000000ea800000| Untracked 
| 169|0x00000000ea900000, 0x00000000ea900000, 0x00000000eaa00000|  0%| F|  |TAMS 0x00000000ea900000| PB 0x00000000ea900000| Untracked 
| 170|0x00000000eaa00000, 0x00000000eaa00000, 0x00000000eab00000|  0%| F|  |TAMS 0x00000000eaa00000| PB 0x00000000eaa00000| Untracked 
| 171|0x00000000eab00000, 0x00000000eab00000, 0x00000000eac00000|  0%| F|  |TAMS 0x00000000eab00000| PB 0x00000000eab00000| Untracked 
| 172|0x00000000eac00000, 0x00000000eac00000, 0x00000000ead00000|  0%| F|  |TAMS 0x00000000eac00000| PB 0x00000000eac00000| Untracked 
| 173|0x00000000ead00000, 0x00000000ead00000, 0x00000000eae00000|  0%| F|  |TAMS 0x00000000ead00000| PB 0x00000000ead00000| Untracked 
| 174|0x00000000eae00000, 0x00000000eae00000, 0x00000000eaf00000|  0%| F|  |TAMS 0x00000000eae00000| PB 0x00000000eae00000| Untracked 
| 175|0x00000000eaf00000, 0x00000000eaf00000, 0x00000000eb000000|  0%| F|  |TAMS 0x00000000eaf00000| PB 0x00000000eaf00000| Untracked 
| 176|0x00000000eb000000, 0x00000000eb000000, 0x00000000eb100000|  0%| F|  |TAMS 0x00000000eb000000| PB 0x00000000eb000000| Untracked 
| 177|0x00000000eb100000, 0x00000000eb100000, 0x00000000eb200000|  0%| F|  |TAMS 0x00000000eb100000| PB 0x00000000eb100000| Untracked 
| 178|0x00000000eb200000, 0x00000000eb200000, 0x00000000eb300000|  0%| F|  |TAMS 0x00000000eb200000| PB 0x00000000eb200000| Untracked 
| 179|0x00000000eb300000, 0x00000000eb300000, 0x00000000eb400000|  0%| F|  |TAMS 0x00000000eb300000| PB 0x00000000eb300000| Untracked 
| 180|0x00000000eb400000, 0x00000000eb400000, 0x00000000eb500000|  0%| F|  |TAMS 0x00000000eb400000| PB 0x00000000eb400000| Untracked 
| 181|0x00000000eb500000, 0x00000000eb500000, 0x00000000eb600000|  0%| F|  |TAMS 0x00000000eb500000| PB 0x00000000eb500000| Untracked 
| 182|0x00000000eb600000, 0x00000000eb600000, 0x00000000eb700000|  0%| F|  |TAMS 0x00000000eb600000| PB 0x00000000eb600000| Untracked 
| 183|0x00000000eb700000, 0x00000000eb700000, 0x00000000eb800000|  0%| F|  |TAMS 0x00000000eb700000| PB 0x00000000eb700000| Untracked 
| 184|0x00000000eb800000, 0x00000000eb800000, 0x00000000eb900000|  0%| F|  |TAMS 0x00000000eb800000| PB 0x00000000eb800000| Untracked 
| 185|0x00000000eb900000, 0x00000000eb900000, 0x00000000eba00000|  0%| F|  |TAMS 0x00000000eb900000| PB 0x00000000eb900000| Untracked 
| 186|0x00000000eba00000, 0x00000000eba00000, 0x00000000ebb00000|  0%| F|  |TAMS 0x00000000eba00000| PB 0x00000000eba00000| Untracked 
| 187|0x00000000ebb00000, 0x00000000ebb00000, 0x00000000ebc00000|  0%| F|  |TAMS 0x00000000ebb00000| PB 0x00000000ebb00000| Untracked 
| 188|0x00000000ebc00000, 0x00000000ebc00000, 0x00000000ebd00000|  0%| F|  |TAMS 0x00000000ebc00000| PB 0x00000000ebc00000| Untracked 
| 189|0x00000000ebd00000, 0x00000000ebd00000, 0x00000000ebe00000|  0%| F|  |TAMS 0x00000000ebd00000| PB 0x00000000ebd00000| Untracked 
| 190|0x00000000ebe00000, 0x00000000ebe00000, 0x00000000ebf00000|  0%| F|  |TAMS 0x00000000ebe00000| PB 0x00000000ebe00000| Untracked 
| 191|0x00000000ebf00000, 0x00000000ebf00000, 0x00000000ec000000|  0%| F|  |TAMS 0x00000000ebf00000| PB 0x00000000ebf00000| Untracked 
| 192|0x00000000ec000000, 0x00000000ec000800, 0x00000000ec100000|  0%| E|  |TAMS 0x00000000ec000000| PB 0x00000000ec000000| Complete 
| 193|0x00000000ec100000, 0x00000000ec200000, 0x00000000ec200000|100%| E|CS|TAMS 0x00000000ec100000| PB 0x00000000ec100000| Complete 
| 194|0x00000000ec200000, 0x00000000ec300000, 0x00000000ec300000|100%| E|CS|TAMS 0x00000000ec200000| PB 0x00000000ec200000| Complete 
| 195|0x00000000ec300000, 0x00000000ec400000, 0x00000000ec400000|100%| E|CS|TAMS 0x00000000ec300000| PB 0x00000000ec300000| Complete 
| 196|0x00000000ec400000, 0x00000000ec500000, 0x00000000ec500000|100%| E|CS|TAMS 0x00000000ec400000| PB 0x00000000ec400000| Complete 
| 197|0x00000000ec500000, 0x00000000ec600000, 0x00000000ec600000|100%| E|CS|TAMS 0x00000000ec500000| PB 0x00000000ec500000| Complete 
| 198|0x00000000ec600000, 0x00000000ec700000, 0x00000000ec700000|100%| E|CS|TAMS 0x00000000ec600000| PB 0x00000000ec600000| Complete 
| 199|0x00000000ec700000, 0x00000000ec800000, 0x00000000ec800000|100%| E|CS|TAMS 0x00000000ec700000| PB 0x00000000ec700000| Complete 
| 200|0x00000000ec800000, 0x00000000ec900000, 0x00000000ec900000|100%| E|CS|TAMS 0x00000000ec800000| PB 0x00000000ec800000| Complete 
| 201|0x00000000ec900000, 0x00000000eca00000, 0x00000000eca00000|100%| E|CS|TAMS 0x00000000ec900000| PB 0x00000000ec900000| Complete 
| 202|0x00000000eca00000, 0x00000000ecb00000, 0x00000000ecb00000|100%| E|CS|TAMS 0x00000000eca00000| PB 0x00000000eca00000| Complete 
| 203|0x00000000ecb00000, 0x00000000ecc00000, 0x00000000ecc00000|100%| E|CS|TAMS 0x00000000ecb00000| PB 0x00000000ecb00000| Complete 
| 204|0x00000000ecc00000, 0x00000000ecd00000, 0x00000000ecd00000|100%| E|CS|TAMS 0x00000000ecc00000| PB 0x00000000ecc00000| Complete 
| 205|0x00000000ecd00000, 0x00000000ece00000, 0x00000000ece00000|100%| E|CS|TAMS 0x00000000ecd00000| PB 0x00000000ecd00000| Complete 
| 206|0x00000000ece00000, 0x00000000ecf00000, 0x00000000ecf00000|100%| E|CS|TAMS 0x00000000ece00000| PB 0x00000000ece00000| Complete 
| 207|0x00000000ecf00000, 0x00000000ed000000, 0x00000000ed000000|100%| E|CS|TAMS 0x00000000ecf00000| PB 0x00000000ecf00000| Complete 
| 208|0x00000000ed000000, 0x00000000ed100000, 0x00000000ed100000|100%| E|CS|TAMS 0x00000000ed000000| PB 0x00000000ed000000| Complete 
| 209|0x00000000ed100000, 0x00000000ed200000, 0x00000000ed200000|100%| E|CS|TAMS 0x00000000ed100000| PB 0x00000000ed100000| Complete 
| 210|0x00000000ed200000, 0x00000000ed300000, 0x00000000ed300000|100%| E|CS|TAMS 0x00000000ed200000| PB 0x00000000ed200000| Complete 
| 211|0x00000000ed300000, 0x00000000ed400000, 0x00000000ed400000|100%| E|CS|TAMS 0x00000000ed300000| PB 0x00000000ed300000| Complete 
| 212|0x00000000ed400000, 0x00000000ed500000, 0x00000000ed500000|100%| E|CS|TAMS 0x00000000ed400000| PB 0x00000000ed400000| Complete 
| 213|0x00000000ed500000, 0x00000000ed600000, 0x00000000ed600000|100%| E|CS|TAMS 0x00000000ed500000| PB 0x00000000ed500000| Complete 
| 214|0x00000000ed600000, 0x00000000ed700000, 0x00000000ed700000|100%| E|CS|TAMS 0x00000000ed600000| PB 0x00000000ed600000| Complete 
| 215|0x00000000ed700000, 0x00000000ed800000, 0x00000000ed800000|100%| E|CS|TAMS 0x00000000ed700000| PB 0x00000000ed700000| Complete 
| 216|0x00000000ed800000, 0x00000000ed900000, 0x00000000ed900000|100%| E|CS|TAMS 0x00000000ed800000| PB 0x00000000ed800000| Complete 
| 217|0x00000000ed900000, 0x00000000eda00000, 0x00000000eda00000|100%| E|CS|TAMS 0x00000000ed900000| PB 0x00000000ed900000| Complete 
| 218|0x00000000eda00000, 0x00000000edb00000, 0x00000000edb00000|100%| E|CS|TAMS 0x00000000eda00000| PB 0x00000000eda00000| Complete 
| 219|0x00000000edb00000, 0x00000000edc00000, 0x00000000edc00000|100%| E|CS|TAMS 0x00000000edb00000| PB 0x00000000edb00000| Complete 
| 220|0x00000000edc00000, 0x00000000edd00000, 0x00000000edd00000|100%| E|CS|TAMS 0x00000000edc00000| PB 0x00000000edc00000| Complete 
| 221|0x00000000edd00000, 0x00000000ede00000, 0x00000000ede00000|100%| E|CS|TAMS 0x00000000edd00000| PB 0x00000000edd00000| Complete 
| 222|0x00000000ede00000, 0x00000000edf00000, 0x00000000edf00000|100%| E|CS|TAMS 0x00000000ede00000| PB 0x00000000ede00000| Complete 
| 223|0x00000000edf00000, 0x00000000ee000000, 0x00000000ee000000|100%| E|CS|TAMS 0x00000000edf00000| PB 0x00000000edf00000| Complete 
| 224|0x00000000ee000000, 0x00000000ee100000, 0x00000000ee100000|100%| E|CS|TAMS 0x00000000ee000000| PB 0x00000000ee000000| Complete 
| 225|0x00000000ee100000, 0x00000000ee200000, 0x00000000ee200000|100%| E|CS|TAMS 0x00000000ee100000| PB 0x00000000ee100000| Complete 
| 226|0x00000000ee200000, 0x00000000ee300000, 0x00000000ee300000|100%| E|CS|TAMS 0x00000000ee200000| PB 0x00000000ee200000| Complete 
| 227|0x00000000ee300000, 0x00000000ee400000, 0x00000000ee400000|100%| E|CS|TAMS 0x00000000ee300000| PB 0x00000000ee300000| Complete 
| 228|0x00000000ee400000, 0x00000000ee500000, 0x00000000ee500000|100%| E|CS|TAMS 0x00000000ee400000| PB 0x00000000ee400000| Complete 
| 229|0x00000000ee500000, 0x00000000ee600000, 0x00000000ee600000|100%| E|CS|TAMS 0x00000000ee500000| PB 0x00000000ee500000| Complete 
| 230|0x00000000ee600000, 0x00000000ee700000, 0x00000000ee700000|100%| E|CS|TAMS 0x00000000ee600000| PB 0x00000000ee600000| Complete 
| 231|0x00000000ee700000, 0x00000000ee800000, 0x00000000ee800000|100%| E|CS|TAMS 0x00000000ee700000| PB 0x00000000ee700000| Complete 
| 232|0x00000000ee800000, 0x00000000ee900000, 0x00000000ee900000|100%| E|CS|TAMS 0x00000000ee800000| PB 0x00000000ee800000| Complete 
| 233|0x00000000ee900000, 0x00000000eea00000, 0x00000000eea00000|100%| E|CS|TAMS 0x00000000ee900000| PB 0x00000000ee900000| Complete 
| 234|0x00000000eea00000, 0x00000000eeb00000, 0x00000000eeb00000|100%| E|CS|TAMS 0x00000000eea00000| PB 0x00000000eea00000| Complete 
| 235|0x00000000eeb00000, 0x00000000eec00000, 0x00000000eec00000|100%| E|CS|TAMS 0x00000000eeb00000| PB 0x00000000eeb00000| Complete 
| 236|0x00000000eec00000, 0x00000000eed00000, 0x00000000eed00000|100%| E|CS|TAMS 0x00000000eec00000| PB 0x00000000eec00000| Complete 
| 237|0x00000000eed00000, 0x00000000eee00000, 0x00000000eee00000|100%| E|CS|TAMS 0x00000000eed00000| PB 0x00000000eed00000| Complete 
| 238|0x00000000eee00000, 0x00000000eef00000, 0x00000000eef00000|100%| E|CS|TAMS 0x00000000eee00000| PB 0x00000000eee00000| Complete 
| 239|0x00000000eef00000, 0x00000000ef000000, 0x00000000ef000000|100%| E|CS|TAMS 0x00000000eef00000| PB 0x00000000eef00000| Complete 
| 240|0x00000000ef000000, 0x00000000ef100000, 0x00000000ef100000|100%| E|CS|TAMS 0x00000000ef000000| PB 0x00000000ef000000| Complete 
| 241|0x00000000ef100000, 0x00000000ef200000, 0x00000000ef200000|100%| E|CS|TAMS 0x00000000ef100000| PB 0x00000000ef100000| Complete 
| 242|0x00000000ef200000, 0x00000000ef300000, 0x00000000ef300000|100%| E|CS|TAMS 0x00000000ef200000| PB 0x00000000ef200000| Complete 
| 243|0x00000000ef300000, 0x00000000ef400000, 0x00000000ef400000|100%| E|CS|TAMS 0x00000000ef300000| PB 0x00000000ef300000| Complete 
| 244|0x00000000ef400000, 0x00000000ef500000, 0x00000000ef500000|100%| E|CS|TAMS 0x00000000ef400000| PB 0x00000000ef400000| Complete 
| 245|0x00000000ef500000, 0x00000000ef600000, 0x00000000ef600000|100%| E|CS|TAMS 0x00000000ef500000| PB 0x00000000ef500000| Complete 
| 246|0x00000000ef600000, 0x00000000ef700000, 0x00000000ef700000|100%| E|CS|TAMS 0x00000000ef600000| PB 0x00000000ef600000| Complete 
| 247|0x00000000ef700000, 0x00000000ef800000, 0x00000000ef800000|100%| E|CS|TAMS 0x00000000ef700000| PB 0x00000000ef700000| Complete 
| 248|0x00000000ef800000, 0x00000000ef900000, 0x00000000ef900000|100%| E|CS|TAMS 0x00000000ef800000| PB 0x00000000ef800000| Complete 
| 249|0x00000000ef900000, 0x00000000efa00000, 0x00000000efa00000|100%| E|CS|TAMS 0x00000000ef900000| PB 0x00000000ef900000| Complete 
| 250|0x00000000efa00000, 0x00000000efb00000, 0x00000000efb00000|100%| E|CS|TAMS 0x00000000efa00000| PB 0x00000000efa00000| Complete 
| 251|0x00000000efb00000, 0x00000000efc00000, 0x00000000efc00000|100%| E|CS|TAMS 0x00000000efb00000| PB 0x00000000efb00000| Complete 
| 252|0x00000000efc00000, 0x00000000efd00000, 0x00000000efd00000|100%| E|CS|TAMS 0x00000000efc00000| PB 0x00000000efc00000| Complete 
| 253|0x00000000efd00000, 0x00000000efe00000, 0x00000000efe00000|100%| E|CS|TAMS 0x00000000efd00000| PB 0x00000000efd00000| Complete 
| 254|0x00000000efe00000, 0x00000000eff00000, 0x00000000eff00000|100%| E|CS|TAMS 0x00000000efe00000| PB 0x00000000efe00000| Complete 
| 255|0x00000000eff00000, 0x00000000f0000000, 0x00000000f0000000|100%| E|  |TAMS 0x00000000eff00000| PB 0x00000000eff00000| Complete 

Card table byte_map: [0x000001d8da190000,0x000001d8da290000] _byte_map_base: 0x000001d8d9a90000

Marking Bits: (CMBitMap*) 0x000001d8c26e5100
 Bits: [0x000001d8da290000, 0x000001d8daa90000)

Polling page: 0x000001d8c05c0000

Metaspace:

Usage:
  Non-class:     25.93 MB used.
      Class:      4.30 MB used.
       Both:     30.23 MB used.

Virtual space:
  Non-class space:       64.00 MB reserved,      26.38 MB ( 41%) committed,  1 nodes.
      Class space:      320.00 MB reserved,       4.75 MB (  1%) committed,  1 nodes.
             Both:      384.00 MB reserved,      31.12 MB (  8%) committed. 

Chunk freelists:
   Non-Class:  4.73 MB
       Class:  11.14 MB
        Both:  15.88 MB

MaxMetaspaceSize: 384.00 MB
CompressedClassSpaceSize: 320.00 MB
Initial GC threshold: 21.00 MB
Current GC threshold: 35.62 MB
CDS: on
 - commit_granule_bytes: 65536.
 - commit_granule_words: 8192.
 - virtual_space_node_default_size: 8388608.
 - enlarge_chunks_in_place: 1.
 - use_allocation_guard: 0.


Internal statistics:

num_allocs_failed_limit: 6.
num_arena_births: 1550.
num_arena_deaths: 0.
num_vsnodes_births: 2.
num_vsnodes_deaths: 0.
num_space_committed: 498.
num_space_uncommitted: 0.
num_chunks_returned_to_freelist: 6.
num_chunks_taken_from_freelist: 2832.
num_chunk_merges: 6.
num_chunk_splits: 1838.
num_chunks_enlarged: 1178.
num_inconsistent_stats: 0.

CodeHeap 'non-profiled nmethods': size=120000Kb used=2193Kb max_used=2193Kb free=117806Kb
 bounds [0x000001d8d2610000, 0x000001d8d2880000, 0x000001d8d9b40000]
CodeHeap 'profiled nmethods': size=120000Kb used=7525Kb max_used=7525Kb free=112474Kb
 bounds [0x000001d8cab40000, 0x000001d8cb2a0000, 0x000001d8d2070000]
CodeHeap 'non-nmethods': size=5760Kb used=1518Kb max_used=1560Kb free=4241Kb
 bounds [0x000001d8d2070000, 0x000001d8d22e0000, 0x000001d8d2610000]
 total_blobs=4358 nmethods=3767 adapters=495
 compilation: enabled
              stopped_count=0, restarted_count=0
 full_count=0

Compilation events (20 events):
Event: 19.254 Thread 0x000001d8dd7167c0 nmethod 3780 0x000001d8cb293b90 code [0x000001d8cb293d40, 0x000001d8cb293fb8]
Event: 19.254 Thread 0x000001d8dd7167c0 3782       3       org.codehaus.groovy.reflection.CachedMethod::compareTo (25 bytes)
Event: 19.254 Thread 0x000001d8dd7167c0 nmethod 3782 0x000001d8cb294090 code [0x000001d8cb294260, 0x000001d8cb294708]
Event: 19.254 Thread 0x000001d8dd7167c0 3778       2       org.codehaus.groovy.reflection.CachedMethod::getModifiers (8 bytes)
Event: 19.254 Thread 0x000001d8dd7167c0 nmethod 3778 0x000001d8cb294810 code [0x000001d8cb2949a0, 0x000001d8cb294ab0]
Event: 19.254 Thread 0x000001d8dd7167c0 3779       2       org.codehaus.groovy.runtime.metaclass.NewMetaMethod::<init> (56 bytes)
Event: 19.254 Thread 0x000001d8dd7167c0 nmethod 3779 0x000001d8cb294b90 code [0x000001d8cb294d80, 0x000001d8cb295218]
Event: 19.254 Thread 0x000001d8dd7167c0 3781       2       java.util.stream.Sink$ChainedReference::end (10 bytes)
Event: 19.254 Thread 0x000001d8dd7167c0 nmethod 3781 0x000001d8cb295410 code [0x000001d8cb2955c0, 0x000001d8cb2956f8]
Event: 19.254 Thread 0x000001d8dd7167c0 3783       1       org.codehaus.groovy.runtime.metaclass.NewMetaMethod::getBytecodeParameterTypes (5 bytes)
Event: 19.254 Thread 0x000001d8dd7167c0 nmethod 3783 0x000001d8d2825310 code [0x000001d8d28254a0, 0x000001d8d2825568]
Event: 19.254 Thread 0x000001d8dd7167c0 3786       3       java.util.Properties$LineReader::readLine (584 bytes)
Event: 19.256 Thread 0x000001d8dd7167c0 nmethod 3786 0x000001d8cb295790 code [0x000001d8cb295b80, 0x000001d8cb298590]
Event: 19.256 Thread 0x000001d8dd7167c0 3784       1       org.codehaus.groovy.runtime.metaclass.NewInstanceMetaMethod::isStatic (2 bytes)
Event: 19.256 Thread 0x000001d8dd7167c0 nmethod 3784 0x000001d8d2825610 code [0x000001d8d28257a0, 0x000001d8d2825868]
Event: 19.256 Thread 0x000001d8dd7167c0 3785       1       org.codehaus.groovy.runtime.metaclass.MetaClassRegistryImpl::access$300 (5 bytes)
Event: 19.256 Thread 0x000001d8dd7167c0 nmethod 3785 0x000001d8d2825910 code [0x000001d8d2825aa0, 0x000001d8d2825b50]
Event: 19.258 Thread 0x000001d8dd7167c0 3787       2       java.nio.MappedByteBuffer::position (8 bytes)
Event: 19.258 Thread 0x000001d8dd7167c0 nmethod 3787 0x000001d8cb299290 code [0x000001d8cb299420, 0x000001d8cb299550]
Event: 19.260 Thread 0x000001d8dd7167c0 3788       3       org.codehaus.groovy.reflection.CachedMethod::compareToCachedMethod (160 bytes)

GC Heap History (8 events):
Event: 0.869 GC heap before
{Heap before GC invocations=0 (full 0):
 garbage-first heap   total 262144K, used 23552K [0x00000000e0000000, 0x0000000100000000)
  region size 1024K, 23 young (23552K), 0 survivors (0K)
 Metaspace       used 934K, committed 1088K, reserved 393216K
  class space    used 69K, committed 128K, reserved 327680K
}
Event: 0.876 GC heap after
{Heap after GC invocations=1 (full 0):
 garbage-first heap   total 262144K, used 1717K [0x00000000e0000000, 0x0000000100000000)
  region size 1024K, 2 young (2048K), 2 survivors (2048K)
 Metaspace       used 934K, committed 1088K, reserved 393216K
  class space    used 69K, committed 128K, reserved 327680K
}
Event: 3.237 GC heap before
{Heap before GC invocations=1 (full 0):
 garbage-first heap   total 262144K, used 40629K [0x00000000e0000000, 0x0000000100000000)
  region size 1024K, 38 young (38912K), 2 survivors (2048K)
 Metaspace       used 4404K, committed 4608K, reserved 393216K
  class space    used 541K, committed 640K, reserved 327680K
}
Event: 3.240 GC heap after
{Heap after GC invocations=2 (full 0):
 garbage-first heap   total 262144K, used 10704K [0x00000000e0000000, 0x0000000100000000)
  region size 1024K, 5 young (5120K), 5 survivors (5120K)
 Metaspace       used 4404K, committed 4608K, reserved 393216K
  class space    used 541K, committed 640K, reserved 327680K
}
Event: 7.563 GC heap before
{Heap before GC invocations=2 (full 0):
 garbage-first heap   total 262144K, used 63952K [0x00000000e0000000, 0x0000000100000000)
  region size 1024K, 55 young (56320K), 5 survivors (5120K)
 Metaspace       used 5561K, committed 5824K, reserved 393216K
  class space    used 727K, committed 832K, reserved 327680K
}
Event: 7.567 GC heap after
{Heap after GC invocations=3 (full 0):
 garbage-first heap   total 262144K, used 16705K [0x00000000e0000000, 0x0000000100000000)
  region size 1024K, 5 young (5120K), 5 survivors (5120K)
 Metaspace       used 5561K, committed 5824K, reserved 393216K
  class space    used 727K, committed 832K, reserved 327680K
}
Event: 10.839 GC heap before
{Heap before GC invocations=3 (full 0):
 garbage-first heap   total 262144K, used 106817K [0x00000000e0000000, 0x0000000100000000)
  region size 1024K, 94 young (96256K), 5 survivors (5120K)
 Metaspace       used 20843K, committed 21504K, reserved 393216K
  class space    used 2989K, committed 3328K, reserved 327680K
}
Event: 10.847 GC heap after
{Heap after GC invocations=4 (full 0):
 garbage-first heap   total 262144K, used 24028K [0x00000000e0000000, 0x0000000100000000)
  region size 1024K, 12 young (12288K), 12 survivors (12288K)
 Metaspace       used 20843K, committed 21504K, reserved 393216K
  class space    used 2989K, committed 3328K, reserved 327680K
}

Dll operation events (15 events):
Event: 0.014 Loaded shared library C:\Program Files\Java\jdk-21\bin\java.dll
Event: 0.066 Loaded shared library C:\Program Files\Java\jdk-21\bin\jsvml.dll
Event: 0.134 Loaded shared library C:\Program Files\Java\jdk-21\bin\zip.dll
Event: 0.140 Loaded shared library C:\Program Files\Java\jdk-21\bin\instrument.dll
Event: 0.146 Loaded shared library C:\Program Files\Java\jdk-21\bin\net.dll
Event: 0.148 Loaded shared library C:\Program Files\Java\jdk-21\bin\nio.dll
Event: 0.154 Loaded shared library C:\Program Files\Java\jdk-21\bin\zip.dll
Event: 0.796 Loaded shared library C:\Program Files\Java\jdk-21\bin\jimage.dll
Event: 2.051 Loaded shared library C:\Program Files\Java\jdk-21\bin\verify.dll
Event: 2.283 Loaded shared library C:\Users\user\.gradle\native\1def1411415f61bf3af743bc5b6707747c0891f09f0c88961ee8f79bc544acac\windows-amd64\native-platform.dll
Event: 2.320 Loaded shared library C:\Users\user\.gradle\native\0.2.7\x86_64-windows-gnu\gradle-fileevents.dll
Event: 7.675 Loaded shared library C:\Program Files\Java\jdk-21\bin\management.dll
Event: 7.679 Loaded shared library C:\Program Files\Java\jdk-21\bin\management_ext.dll
Event: 8.400 Loaded shared library C:\Program Files\Java\jdk-21\bin\extnet.dll
Event: 8.814 Loaded shared library C:\Program Files\Java\jdk-21\bin\sunmscapi.dll

Deoptimization events (20 events):
Event: 19.075 Thread 0x000001d8dd86d290 Uncommon trap: trap_request=0xffffff45 fr.pc=0x000001d8d273d7f0 relative=0x0000000000000650
Event: 19.075 Thread 0x000001d8dd86d290 Uncommon trap: reason=unstable_if action=reinterpret pc=0x000001d8d273d7f0 method=jdk.internal.org.objectweb.asm.MethodWriter.visitVarInsn(II)V @ 108 c2
Event: 19.075 Thread 0x000001d8dd86d290 DEOPT PACKING pc=0x000001d8d273d7f0 sp=0x0000000a126f02b0
Event: 19.075 Thread 0x000001d8dd86d290 DEOPT UNPACKING pc=0x000001d8d20c46a2 sp=0x0000000a126f0278 mode 2
Event: 19.075 Thread 0x000001d8dd86d290 Uncommon trap: trap_request=0xffffff45 fr.pc=0x000001d8d27e6820 relative=0x0000000000000480
Event: 19.075 Thread 0x000001d8dd86d290 Uncommon trap: reason=unstable_if action=reinterpret pc=0x000001d8d27e6820 method=jdk.internal.org.objectweb.asm.MethodWriter.visitMethodInsn(ILjava/lang/String;Ljava/lang/String;Ljava/lang/String;Z)V @ 81 c2
Event: 19.075 Thread 0x000001d8dd86d290 DEOPT PACKING pc=0x000001d8d27e6820 sp=0x0000000a126f02a0
Event: 19.075 Thread 0x000001d8dd86d290 DEOPT UNPACKING pc=0x000001d8d20c46a2 sp=0x0000000a126f0240 mode 2
Event: 19.075 Thread 0x000001d8dd86d290 Uncommon trap: trap_request=0xffffff45 fr.pc=0x000001d8d27e4c04 relative=0x0000000000000964
Event: 19.075 Thread 0x000001d8dd86d290 Uncommon trap: reason=unstable_if action=reinterpret pc=0x000001d8d27e4c04 method=jdk.internal.org.objectweb.asm.MethodWriter.visitInsn(I)V @ 24 c2
Event: 19.075 Thread 0x000001d8dd86d290 DEOPT PACKING pc=0x000001d8d27e4c04 sp=0x0000000a126f0290
Event: 19.075 Thread 0x000001d8dd86d290 DEOPT UNPACKING pc=0x000001d8d20c46a2 sp=0x0000000a126f0278 mode 2
Event: 19.076 Thread 0x000001d8dd86d290 Uncommon trap: trap_request=0xffffff45 fr.pc=0x000001d8d276925c relative=0x0000000000000c7c
Event: 19.076 Thread 0x000001d8dd86d290 Uncommon trap: reason=unstable_if action=reinterpret pc=0x000001d8d276925c method=java.lang.invoke.LambdaForm.useCount(Ljava/lang/invoke/LambdaForm$Name;)I @ 8 c2
Event: 19.076 Thread 0x000001d8dd86d290 DEOPT PACKING pc=0x000001d8d276925c sp=0x0000000a126f5b60
Event: 19.076 Thread 0x000001d8dd86d290 DEOPT UNPACKING pc=0x000001d8d20c46a2 sp=0x0000000a126f5a30 mode 2
Event: 19.178 Thread 0x000001d8dd86d290 Uncommon trap: trap_request=0xffffff45 fr.pc=0x000001d8d26caa80 relative=0x0000000000000560
Event: 19.178 Thread 0x000001d8dd86d290 Uncommon trap: reason=unstable_if action=reinterpret pc=0x000001d8d26caa80 method=java.util.Properties$LineReader.readLine()I @ 95 c2
Event: 19.178 Thread 0x000001d8dd86d290 DEOPT PACKING pc=0x000001d8d26caa80 sp=0x0000000a126f84d0
Event: 19.178 Thread 0x000001d8dd86d290 DEOPT UNPACKING pc=0x000001d8d20c46a2 sp=0x0000000a126f8480 mode 2

Classes loaded (20 events):
Event: 19.245 Loading class java/time/OffsetTime
Event: 19.245 Loading class java/time/OffsetTime done
Event: 19.245 Loading class java/time/ZonedDateTime
Event: 19.245 Loading class java/time/chrono/ChronoZonedDateTime
Event: 19.246 Loading class java/time/chrono/ChronoZonedDateTime done
Event: 19.246 Loading class java/time/ZonedDateTime done
Event: 19.246 Loading class java/time/OffsetDateTime
Event: 19.246 Loading class java/time/OffsetDateTime done
Event: 19.246 Loading class java/time/Year
Event: 19.246 Loading class java/time/Year done
Event: 19.246 Loading class java/time/format/FormatStyle
Event: 19.247 Loading class java/time/format/FormatStyle done
Event: 19.247 Loading class java/time/Month
Event: 19.247 Loading class java/time/Month done
Event: 19.247 Loading class java/time/MonthDay
Event: 19.247 Loading class java/time/MonthDay done
Event: 19.247 Loading class java/time/DayOfWeek
Event: 19.247 Loading class java/time/DayOfWeek done
Event: 19.249 Loading class java/time/chrono/Era
Event: 19.249 Loading class java/time/chrono/Era done

Classes unloaded (0 events):
No events

Classes redefined (0 events):
No events

Internal exceptions (20 events):
Event: 11.934 Thread 0x000001d8dd86d290 Exception <a 'java/lang/IncompatibleClassChangeError'{0x00000000eda15e78}: Found class java.lang.Object, but interface was expected> (0x00000000eda15e78) 
thrown [s\open\src\hotspot\share\interpreter\linkResolver.cpp, line 840]
Event: 18.787 Thread 0x000001d8dd86d290 Exception <a 'java/lang/NoSuchMethodError'{0x00000000ed99bc80}: 'java.lang.Object java.lang.invoke.DirectMethodHandle$Holder.newInvokeSpecial(java.lang.Object, java.lang.Object, long)'> (0x00000000ed99bc80) 
thrown [s\open\src\hotspot\share\interpreter\linkResolver.cpp, line 773]
Event: 18.788 Thread 0x000001d8dd86d290 Exception <a 'java/lang/NoSuchMethodError'{0x00000000ed9a0048}: 'java.lang.Object java.lang.invoke.Invokers$Holder.linkToTargetMethod(java.lang.Object, long, java.lang.Object)'> (0x00000000ed9a0048) 
thrown [s\open\src\hotspot\share\interpreter\linkResolver.cpp, line 773]
Event: 18.827 Thread 0x000001d8dd86d290 Exception <a 'java/lang/NoSuchMethodError'{0x00000000ed62ef08}: 'int java.lang.invoke.DirectMethodHandle$Holder.invokeInterface(java.lang.Object, java.lang.Object)'> (0x00000000ed62ef08) 
thrown [s\open\src\hotspot\share\interpreter\linkResolver.cpp, line 773]
Event: 18.836 Thread 0x000001d8dd86d290 Exception <a 'java/lang/NoSuchMethodError'{0x00000000ed6b9280}: 'java.lang.Object java.lang.invoke.DirectMethodHandle$Holder.invokeVirtual(java.lang.Object, java.lang.Object, int)'> (0x00000000ed6b9280) 
thrown [s\open\src\hotspot\share\interpreter\linkResolver.cpp, line 773]
Event: 18.851 Thread 0x000001d8dd86d290 Exception <a 'java/lang/NoSuchMethodError'{0x00000000ed5a8c28}: 'java.lang.Object java.lang.invoke.DirectMethodHandle$Holder.invokeStatic(java.lang.Object, java.lang.Object, int, java.lang.Object)'> (0x00000000ed5a8c28) 
thrown [s\open\src\hotspot\share\interpreter\linkResolver.cpp, line 773]
Event: 18.851 Thread 0x000001d8dd86d290 Exception <a 'java/lang/NoSuchMethodError'{0x00000000ed5b0020}: 'java.lang.Object java.lang.invoke.DirectMethodHandle$Holder.newInvokeSpecial(java.lang.Object, java.lang.Object, int, java.lang.Object)'> (0x00000000ed5b0020) 
thrown [s\open\src\hotspot\share\interpreter\linkResolver.cpp, line 773]
Event: 18.851 Thread 0x000001d8dd86d290 Exception <a 'java/lang/NoSuchMethodError'{0x00000000ed5b47a8}: 'java.lang.Object java.lang.invoke.DirectMethodHandle$Holder.invokeSpecial(java.lang.Object, java.lang.Object, java.lang.Object, int, java.lang.Object)'> (0x00000000ed5b47a8) 
thrown [s\open\src\hotspot\share\interpreter\linkResolver.cpp, line 773]
Event: 18.891 Thread 0x000001d8dd86d290 Exception <a 'java/lang/NoSuchMethodError'{0x00000000ed2a2cf0}: 'void java.lang.invoke.DirectMethodHandle$Holder.invokeInterface(java.lang.Object, java.lang.Object, java.lang.Object, java.lang.Object, java.lang.Object, java.lang.Object, java.lang.Object)'> (0x00000000ed2a2cf0) 
thrown [s\open\src\hotspot\share\interpreter\linkResolver.cpp, line 773]
Event: 18.891 Thread 0x000001d8dd86d290 Exception <a 'java/lang/NoSuchMethodError'{0x00000000ed2a7658}: 'void java.lang.invoke.DelegatingMethodHandle$Holder.reinvoke_L(java.lang.Object, java.lang.Object, java.lang.Object, java.lang.Object, java.lang.Object, java.lang.Object, java.lang.Object)'> (0x00000000ed2a7658) 
thrown [s\open\src\hotspot\share\interpreter\linkResolver.cpp, line 773]
Event: 18.931 Thread 0x000001d8dd86d290 Exception <a 'java/lang/NoSuchMethodError'{0x00000000ed06e3f8}: 'java.lang.Object java.lang.invoke.DirectMethodHandle$Holder.invokeStaticInit(java.lang.Object, java.lang.Object, java.lang.Object, java.lang.Object, java.lang.Object, java.lang.Object, java.lang.Object)'> (0x00000000ed06e3f8) 
thrown [s\open\src\hotspot\share\interpreter\linkResolver.cpp, line 773]
Event: 18.936 Thread 0x000001d8dd86d290 Exception <a 'java/lang/NoSuchMethodError'{0x00000000ed094988}: 'java.lang.Object java.lang.invoke.DirectMethodHandle$Holder.invokeSpecial(java.lang.Object, java.lang.Object, java.lang.Object, int, java.lang.Object, java.lang.Object)'> (0x00000000ed094988) 
thrown [s\open\src\hotspot\share\interpreter\linkResolver.cpp, line 773]
Event: 19.075 Thread 0x000001d8dd86d290 Implicit null exception at 0x000001d8d273d2b4 to 0x000001d8d273d7e4
Event: 19.075 Thread 0x000001d8dd86d290 Implicit null exception at 0x000001d8d27e6498 to 0x000001d8d27e6814
Event: 19.075 Thread 0x000001d8dd86d290 Implicit null exception at 0x000001d8d27e4330 to 0x000001d8d27e4bf4
Event: 19.075 Thread 0x000001d8dd86d290 Exception <a 'java/lang/NoSuchMethodError'{0x00000000ecbeb400}: 'java.lang.reflect.Method[] java.lang.Class.getDeclaredMethods(java.lang.Class)'> (0x00000000ecbeb400) 
thrown [s\open\src\hotspot\share\interpreter\linkResolver.cpp, line 773]
Event: 19.087 Thread 0x000001d8dd86d290 Exception <a 'java/lang/NoSuchMethodError'{0x00000000eca68c20}: 'java.lang.Object java.lang.invoke.DirectMethodHandle$Holder.invokeStaticInit(java.lang.Object, java.lang.Object, java.lang.Object)'> (0x00000000eca68c20) 
thrown [s\open\src\hotspot\share\interpreter\linkResolver.cpp, line 773]
Event: 19.107 Thread 0x000001d8dd86d290 Exception <a 'java/lang/NoSuchMethodError'{0x00000000ec982200}: 'void java.lang.invoke.DirectMethodHandle$Holder.invokeStaticInit(java.lang.Object, java.lang.Object, java.lang.Object)'> (0x00000000ec982200) 
thrown [s\open\src\hotspot\share\interpreter\linkResolver.cpp, line 773]
Event: 19.109 Thread 0x000001d8dd86d290 Exception <a 'java/lang/NoSuchMethodError'{0x00000000ec9a6530}: 'void java.lang.invoke.DirectMethodHandle$Holder.invokeStaticInit(java.lang.Object, java.lang.Object, java.lang.Object, java.lang.Object, java.lang.Object)'> (0x00000000ec9a6530) 
thrown [s\open\src\hotspot\share\interpreter\linkResolver.cpp, line 773]
Event: 19.115 Thread 0x000001d8dd86d290 Exception <a 'java/lang/NoSuchMethodError'{0x00000000ec9ff4b8}: 'int java.lang.invoke.DirectMethodHandle$Holder.invokeStaticInit(java.lang.Object, java.lang.Object, java.lang.Object, java.lang.Object)'> (0x00000000ec9ff4b8) 
thrown [s\open\src\hotspot\share\interpreter\linkResolver.cpp, line 773]

ZGC Phase Switch (0 events):
No events

VM Operations (20 events):
Event: 13.943 Executing VM operation: Cleanup
Event: 13.943 Executing VM operation: Cleanup done
Event: 15.955 Executing VM operation: Cleanup
Event: 15.955 Executing VM operation: Cleanup done
Event: 16.968 Executing VM operation: Cleanup
Event: 16.968 Executing VM operation: Cleanup done
Event: 18.790 Executing VM operation: HandshakeAllThreads (Deoptimize)
Event: 18.790 Executing VM operation: HandshakeAllThreads (Deoptimize) done
Event: 18.790 Executing VM operation: Cleanup
Event: 18.790 Executing VM operation: Cleanup done
Event: 18.894 Executing VM operation: HandshakeAllThreads (Deoptimize)
Event: 18.894 Executing VM operation: HandshakeAllThreads (Deoptimize) done
Event: 18.895 Executing VM operation: HandshakeAllThreads (Deoptimize)
Event: 18.895 Executing VM operation: HandshakeAllThreads (Deoptimize) done
Event: 19.057 Executing VM operation: HandshakeAllThreads (Deoptimize)
Event: 19.058 Executing VM operation: HandshakeAllThreads (Deoptimize) done
Event: 19.201 Executing VM operation: HandshakeAllThreads (Deoptimize)
Event: 19.201 Executing VM operation: HandshakeAllThreads (Deoptimize) done
Event: 19.259 Executing VM operation: HandshakeAllThreads (Deoptimize)
Event: 19.259 Executing VM operation: HandshakeAllThreads (Deoptimize) done

Events (20 events):
Event: 8.955 Thread 0x000001d8dd86d290 Thread added: 0x000001d8dd86d290
Event: 8.968 Thread 0x000001d8f85be6f0 Thread added: 0x000001d8f85be6f0
Event: 8.973 Thread 0x000001d8f85c14e0 Thread added: 0x000001d8f85c14e0
Event: 8.976 Thread 0x000001d8f85c0e50 Thread added: 0x000001d8f85c0e50
Event: 9.572 Thread 0x000001d8f85c0130 Thread added: 0x000001d8f85c0130
Event: 9.588 Thread 0x000001d8f85be060 Thread added: 0x000001d8f85be060
Event: 9.652 Thread 0x000001d8f85bfaa0 Thread added: 0x000001d8f85bfaa0
Event: 9.890 Thread 0x000001d8ddaed9a0 Thread added: 0x000001d8ddaed9a0
Event: 10.351 Thread 0x000001d8ddaecc00 Thread added: 0x000001d8ddaecc00
Event: 10.728 Thread 0x000001d8f85bed80 Thread added: 0x000001d8f85bed80
Event: 11.114 Thread 0x000001d8f85c07c0 Thread added: 0x000001d8f85c07c0
Event: 11.131 Thread 0x000001d8f85bf410 Thread added: 0x000001d8f85bf410
Event: 11.266 Thread 0x000001d8ddaecc00 Thread exited: 0x000001d8ddaecc00
Event: 11.441 Thread 0x000001d8f8efe260 Thread added: 0x000001d8f8efe260
Event: 11.450 Thread 0x000001d8f8efe8f0 Thread added: 0x000001d8f8efe8f0
Event: 11.888 Thread 0x000001d8ddaed9a0 Thread exited: 0x000001d8ddaed9a0
Event: 18.796 Thread 0x000001d8ddaeb790 Thread added: 0x000001d8ddaeb790
Event: 18.852 Thread 0x000001d8f8eff610 Thread added: 0x000001d8f8eff610
Event: 18.882 Thread 0x000001d8f8efd540 Thread added: 0x000001d8f8efd540
Event: 18.950 Thread 0x000001d8ddaebe60 Thread added: 0x000001d8ddaebe60


Dynamic libraries:
0x00007ff6c9570000 - 0x00007ff6c9580000 	C:\Program Files\Java\jdk-21\bin\java.exe
0x00007ffb8b180000 - 0x00007ffb8b3e7000 	C:\WINDOWS\SYSTEM32\ntdll.dll
0x00007ffb8b070000 - 0x00007ffb8b139000 	C:\WINDOWS\System32\KERNEL32.DLL
0x00007ffb88b20000 - 0x00007ffb88f0f000 	C:\WINDOWS\System32\KERNELBASE.dll
0x00007ffb889d0000 - 0x00007ffb88b1b000 	C:\WINDOWS\System32\ucrtbase.dll
0x00007ffb84e00000 - 0x00007ffb84e19000 	C:\Program Files\Java\jdk-21\bin\jli.dll
0x00007ffb8ab70000 - 0x00007ffb8ac24000 	C:\WINDOWS\System32\ADVAPI32.dll
0x00007ffb8a560000 - 0x00007ffb8a609000 	C:\WINDOWS\System32\msvcrt.dll
0x00007ffb80ec0000 - 0x00007ffb80edb000 	C:\Program Files\Java\jdk-21\bin\VCRUNTIME140.dll
0x00007ffb89060000 - 0x00007ffb89106000 	C:\WINDOWS\System32\sechost.dll
0x00007ffb8ac80000 - 0x00007ffb8ad98000 	C:\WINDOWS\System32\RPCRT4.dll
0x00007ffb89b70000 - 0x00007ffb89d35000 	C:\WINDOWS\System32\USER32.dll
0x00007ffb88440000 - 0x00007ffb88467000 	C:\WINDOWS\System32\win32u.dll
0x00007ffb8a9d0000 - 0x00007ffb8a9fb000 	C:\WINDOWS\System32\GDI32.dll
0x00007ffb64780000 - 0x00007ffb64a13000 	C:\WINDOWS\WinSxS\amd64_microsoft.windows.common-controls_6595b64144ccf1df_6.0.26100.7309_none_3e05feeae336a044\COMCTL32.dll
0x00007ffb88740000 - 0x00007ffb8886c000 	C:\WINDOWS\System32\gdi32full.dll
0x00007ffb88870000 - 0x00007ffb88913000 	C:\WINDOWS\System32\msvcp_win.dll
0x00007ffb80b40000 - 0x00007ffb80b4b000 	C:\WINDOWS\SYSTEM32\VERSION.dll
0x00007ffb8ae50000 - 0x00007ffb8ae81000 	C:\WINDOWS\System32\IMM32.DLL
0x00007ffb84e60000 - 0x00007ffb84e6c000 	C:\Program Files\Java\jdk-21\bin\vcruntime140_1.dll
0x00007ffb7bd40000 - 0x00007ffb7bdce000 	C:\Program Files\Java\jdk-21\bin\msvcp140.dll
0x00007ffb304f0000 - 0x00007ffb31208000 	C:\Program Files\Java\jdk-21\bin\server\jvm.dll
0x00007ffb88fe0000 - 0x00007ffb89054000 	C:\WINDOWS\System32\WS2_32.dll
0x00007ffb86ea0000 - 0x00007ffb86efe000 	C:\WINDOWS\SYSTEM32\POWRPROF.dll
0x00007ffb76b60000 - 0x00007ffb76b95000 	C:\WINDOWS\SYSTEM32\WINMM.dll
0x00007ffb86e80000 - 0x00007ffb86e94000 	C:\WINDOWS\SYSTEM32\UMPDC.dll
0x00007ffb870c0000 - 0x00007ffb870db000 	C:\WINDOWS\SYSTEM32\kernel.appcore.dll
0x00007ffb7de10000 - 0x00007ffb7de1a000 	C:\Program Files\Java\jdk-21\bin\jimage.dll
0x00007ffb85a00000 - 0x00007ffb85c42000 	C:\WINDOWS\SYSTEM32\DBGHELP.DLL
0x00007ffb89350000 - 0x00007ffb896d5000 	C:\WINDOWS\System32\combase.dll
0x00007ffb8a8f0000 - 0x00007ffb8a9c6000 	C:\WINDOWS\System32\OLEAUT32.dll
0x00007ffb5e690000 - 0x00007ffb5e6cc000 	C:\WINDOWS\SYSTEM32\dbgcore.DLL
0x00007ffb88920000 - 0x00007ffb889c5000 	C:\WINDOWS\System32\bcryptPrimitives.dll
0x00007ffb7d7e0000 - 0x00007ffb7d7ef000 	C:\Program Files\Java\jdk-21\bin\instrument.dll
0x00007ffb7bd20000 - 0x00007ffb7bd3f000 	C:\Program Files\Java\jdk-21\bin\java.dll
0x00007ffb89d40000 - 0x00007ffb8a493000 	C:\WINDOWS\System32\SHELL32.dll
0x00007ffb882d0000 - 0x00007ffb8843a000 	C:\WINDOWS\System32\wintypes.dll
0x00007ffb85eb0000 - 0x00007ffb8670e000 	C:\WINDOWS\SYSTEM32\windows.storage.dll
0x00007ffb8a6f0000 - 0x00007ffb8a7e5000 	C:\WINDOWS\System32\SHCORE.dll
0x00007ffb88f70000 - 0x00007ffb88fd6000 	C:\WINDOWS\System32\shlwapi.dll
0x00007ffb881f0000 - 0x00007ffb88219000 	C:\WINDOWS\SYSTEM32\profapi.dll
0x00007ffaeba00000 - 0x00007ffaebad7000 	C:\Program Files\Java\jdk-21\bin\jsvml.dll
0x00007ffb7bc20000 - 0x00007ffb7bc38000 	C:\Program Files\Java\jdk-21\bin\zip.dll
0x00007ffb7d550000 - 0x00007ffb7d560000 	C:\Program Files\Java\jdk-21\bin\net.dll
0x00007ffb80890000 - 0x00007ffb809b8000 	C:\WINDOWS\SYSTEM32\WINHTTP.dll
0x00007ffb876b0000 - 0x00007ffb8771b000 	C:\WINDOWS\system32\mswsock.dll
0x00007ffb7bc00000 - 0x00007ffb7bc16000 	C:\Program Files\Java\jdk-21\bin\nio.dll
0x00007ffb7c310000 - 0x00007ffb7c320000 	C:\Program Files\Java\jdk-21\bin\verify.dll
0x00007ffb7c660000 - 0x00007ffb7c687000 	C:\Users\user\.gradle\native\1def1411415f61bf3af743bc5b6707747c0891f09f0c88961ee8f79bc544acac\windows-amd64\native-platform.dll
0x00007ffacd690000 - 0x00007ffacd708000 	C:\Users\user\.gradle\native\0.2.7\x86_64-windows-gnu\gradle-fileevents.dll
0x00007ffb7c2b0000 - 0x00007ffb7c2ba000 	C:\Program Files\Java\jdk-21\bin\management.dll
0x00007ffb7bf60000 - 0x00007ffb7bf6b000 	C:\Program Files\Java\jdk-21\bin\management_ext.dll
0x00007ffb8ae40000 - 0x00007ffb8ae48000 	C:\WINDOWS\System32\PSAPI.DLL
0x00007ffb86c10000 - 0x00007ffb86c44000 	C:\WINDOWS\SYSTEM32\IPHLPAPI.DLL
0x00007ffb8ae30000 - 0x00007ffb8ae3a000 	C:\WINDOWS\System32\NSI.dll
0x00007ffb7bb70000 - 0x00007ffb7bb79000 	C:\Program Files\Java\jdk-21\bin\extnet.dll
0x00007ffb87aa0000 - 0x00007ffb87abb000 	C:\WINDOWS\SYSTEM32\CRYPTSP.dll
0x00007ffb870e0000 - 0x00007ffb8711a000 	C:\WINDOWS\system32\rsaenh.dll
0x00007ffb87760000 - 0x00007ffb8778b000 	C:\WINDOWS\SYSTEM32\USERENV.dll
0x00007ffb881c0000 - 0x00007ffb881ea000 	C:\WINDOWS\SYSTEM32\bcrypt.dll
0x00007ffb87900000 - 0x00007ffb8790c000 	C:\WINDOWS\SYSTEM32\CRYPTBASE.dll
0x00007ffb7bb60000 - 0x00007ffb7bb6e000 	C:\Program Files\Java\jdk-21\bin\sunmscapi.dll
0x00007ffb88470000 - 0x00007ffb885e7000 	C:\WINDOWS\System32\CRYPT32.dll
0x00007ffb87bf0000 - 0x00007ffb87c20000 	C:\WINDOWS\SYSTEM32\ncrypt.dll
0x00007ffb87ba0000 - 0x00007ffb87bdf000 	C:\WINDOWS\SYSTEM32\NTASN1.dll
0x00007ffb4a410000 - 0x00007ffb4a418000 	C:\WINDOWS\system32\wshunix.dll

dbghelp: loaded successfully - version: 4.0.5 - missing functions: none
symbol engine: initialized successfully - sym options: 0x614 - pdb path: .;C:\Program Files\Java\jdk-21\bin;C:\WINDOWS\SYSTEM32;C:\WINDOWS\WinSxS\amd64_microsoft.windows.common-controls_6595b64144ccf1df_6.0.26100.7309_none_3e05feeae336a044;C:\Program Files\Java\jdk-21\bin\server;C:\Users\user\.gradle\native\1def1411415f61bf3af743bc5b6707747c0891f09f0c88961ee8f79bc544acac\windows-amd64;C:\Users\user\.gradle\native\0.2.7\x86_64-windows-gnu

VM Arguments:
jvm_args: --add-opens=java.base/java.lang=ALL-UNNAMED --add-opens=java.base/java.lang.invoke=ALL-UNNAMED --add-opens=java.base/java.util=ALL-UNNAMED --add-opens=java.prefs/java.util.prefs=ALL-UNNAMED --add-exports=jdk.compiler/com.sun.tools.javac.api=ALL-UNNAMED --add-exports=jdk.compiler/com.sun.tools.javac.util=ALL-UNNAMED --add-opens=java.base/java.util=ALL-UNNAMED --add-opens=java.prefs/java.util.prefs=ALL-UNNAMED --add-opens=java.base/java.nio.charset=ALL-UNNAMED --add-opens=java.base/java.net=ALL-UNNAMED --add-opens=java.base/java.util.concurrent.atomic=ALL-UNNAMED --add-opens=java.xml/javax.xml.namespace=ALL-UNNAMED -XX:MaxMetaspaceSize=384m -XX:+HeapDumpOnOutOfMemoryError -Xms256m -Xmx512m -Dfile.encoding=UTF-8 -Duser.country=US -Duser.language=en -Duser.variant -javaagent:C:\Users\user\.gradle\wrapper\dists\gradle-8.14.2-bin\2pb3mgt1p815evrl3weanttgr\gradle-8.14.2\lib\agents\gradle-instrumentation-agent-8.14.2.jar 
java_command: org.gradle.launcher.daemon.bootstrap.GradleDaemon 8.14.2
java_class_path (initial): C:\Users\user\.gradle\wrapper\dists\gradle-8.14.2-bin\2pb3mgt1p815evrl3weanttgr\gradle-8.14.2\lib\gradle-daemon-main-8.14.2.jar
Launcher Type: SUN_STANDARD

[Global flags]
     intx CICompilerCount                          = 4                                         {product} {ergonomic}
   size_t CompressedClassSpaceSize                 = 335544320                                 {product} {ergonomic}
     uint ConcGCThreads                            = 3                                         {product} {ergonomic}
     uint G1ConcRefinementThreads                  = 10                                        {product} {ergonomic}
   size_t G1HeapRegionSize                         = 1048576                                   {product} {ergonomic}
    uintx GCDrainStackTargetSize                   = 64                                        {product} {ergonomic}
     bool HeapDumpOnOutOfMemoryError               = true                                   {manageable} {command line}
   size_t InitialHeapSize                          = 268435456                                 {product} {command line}
   size_t MarkStackSize                            = 4194304                                   {product} {ergonomic}
   size_t MaxHeapSize                              = 536870912                                 {product} {command line}
   size_t MaxMetaspaceSize                         = 402653184                                 {product} {command line}
   size_t MaxNewSize                               = 321912832                                 {product} {ergonomic}
   size_t MinHeapDeltaBytes                        = 1048576                                   {product} {ergonomic}
   size_t MinHeapSize                              = 268435456                                 {product} {command line}
    uintx NonNMethodCodeHeapSize                   = 5839372                                {pd product} {ergonomic}
    uintx NonProfiledCodeHeapSize                  = 122909434                              {pd product} {ergonomic}
    uintx ProfiledCodeHeapSize                     = 122909434                              {pd product} {ergonomic}
    uintx ReservedCodeCacheSize                    = 251658240                              {pd product} {ergonomic}
     bool SegmentedCodeCache                       = true                                      {product} {ergonomic}
   size_t SoftMaxHeapSize                          = 536870912                              {manageable} {ergonomic}
     bool UseCompressedOops                        = true                           {product lp64_product} {ergonomic}
     bool UseG1GC                                  = true                                      {product} {ergonomic}
     bool UseLargePagesIndividualAllocation        = false                                  {pd product} {ergonomic}

Logging:
Log output configuration:
 #0: stdout all=warning uptime,level,tags foldmultilines=false
 #1: stderr all=off uptime,level,tags foldmultilines=false

Environment Variables:
JAVA_HOME=C:\Program Files\Java\jdk-21
PATH=C:\Program Files\Common Files\Oracle\Java\javapath;C:\WINDOWS\system32;C:\WINDOWS;C:\WINDOWS\System32\Wbem;C:\WINDOWS\System32\WindowsPowerShell\v1.0\;C:\WINDOWS\System32\OpenSSH\;C:\Program Files\Git\cmd;C:\Program Files\Java\jdk-21\bin;C:\Program Files\NVIDIA Corporation\NVIDIA app\NvDLISR;C:\Program Files (x86)\NVIDIA Corporation\PhysX\Common;;C:\Program Files\Docker\Docker\resources\bin;C:\Program Files\Common Files\Oracle\Java\javapath;C:\WINDOWS\system32;C:\WINDOWS;C:\WINDOWS\System32\Wbem;C:\WINDOWS\System32\WindowsPowerShell\v1.0\;C:\WINDOWS\System32\OpenSSH\;C:\Program Files\Git\cmd;C:\Program Files\Java\jdk-21\bin;;C:\Program Files\NVIDIA Corporation\NVIDIA app\NvDLISR;C:\Program Files (x86)\NVIDIA Corporation\PhysX\Common;C:\Users\user\AppData\Local\Microsoft\WindowsApps;C:\Users\user\AppData\Local\Programs\Microsoft VS Code\bin;C:\Users\user\AppData\Local\GitHubDesktop\bin;C:\Program Files\PostgreSQL\17\bin;C:\Program Files\JetBrains\IntelliJ IDEA 2025.1.3\bin;
USERNAME=user
OS=Windows_NT
PROCESSOR_IDENTIFIER=Intel64 Family 6 Model 186 Stepping 2, GenuineIntel
TMP=C:\Users\user\AppData\Local\Temp
TEMP=C:\Users\user\AppData\Local\Temp




Periodic native trim disabled

---------------  S Y S T E M  ---------------

OS:
 Windows 11 , 64 bit Build 26100 (10.0.26100.7309)
OS uptime: 1 days 11:20 hours
Hyper-V role detected

CPU: total 12 (initial active 12) (6 cores per cpu, 2 threads per core) family 6 model 186 stepping 2 microcode 0x5103, cx8, cmov, fxsr, ht, mmx, 3dnowpref, sse, sse2, sse3, ssse3, sse4.1, sse4.2, popcnt, lzcnt, tsc, tscinvbit, avx, avx2, aes, erms, clmul, bmi1, bmi2, adx, sha, fma, vzeroupper, clflush, clflushopt, clwb, hv, serialize, rdtscp, rdpid, fsrm, f16c, cet_ibt, cet_ss
Processor Information for all 12 processors :
  Max Mhz: 2100, Current Mhz: 2100, Mhz Limit: 2100

Memory: 4k page, system-wide physical 16087M (497M free)
TotalPageFile size 30136M (AvailPageFile size 6M)
current process WorkingSet (physical memory assigned to process): 306M, peak: 313M
current process commit charge ("private bytes"): 495M, peak: 501M

vm_info: Java HotSpot(TM) 64-Bit Server VM (21.0.5+9-LTS-239) for windows-amd64 JRE (21.0.5+9-LTS-239), built on 2024-09-30T05:17:38Z by "mach5one" with MS VC++ 17.6 (VS2022)

END.
